// Validating benchmarks:
// ***** BenchmarkRunner: Start   *****
// ***** Found 12 benchmark(s) in total *****
// ***** Building 1 exe(s) in Parallel: Start   *****
// start dotnet  restore /p:UseSharedCompilation=false /p:BuildInParallel=false /m:1 /p:Deterministic=true /p:Optimize=true /p:IntermediateOutputPath="A:\g\Chopsticks2\Native\Benchmarks\bin\Release\net9.0\62553e56-a646-4859-9f1a-e2eda66fa9b6\obj\Release\net9.0/" /p:OutDir="A:\g\Chopsticks2\Native\Benchmarks\bin\Release\net9.0\62553e56-a646-4859-9f1a-e2eda66fa9b6\bin\Release\net9.0/" /p:OutputPath="A:\g\Chopsticks2\Native\Benchmarks\bin\Release\net9.0\62553e56-a646-4859-9f1a-e2eda66fa9b6\bin\Release\net9.0/" in A:\g\Chopsticks2\Native\Benchmarks\bin\Release\net9.0\62553e56-a646-4859-9f1a-e2eda66fa9b6
// command took 0.8 sec and exited with 0
// start dotnet  build -c Release --no-restore /p:UseSharedCompilation=false /p:BuildInParallel=false /m:1 /p:Deterministic=true /p:Optimize=true /p:IntermediateOutputPath="A:\g\Chopsticks2\Native\Benchmarks\bin\Release\net9.0\62553e56-a646-4859-9f1a-e2eda66fa9b6\obj\Release\net9.0/" /p:OutDir="A:\g\Chopsticks2\Native\Benchmarks\bin\Release\net9.0\62553e56-a646-4859-9f1a-e2eda66fa9b6\bin\Release\net9.0/" /p:OutputPath="A:\g\Chopsticks2\Native\Benchmarks\bin\Release\net9.0\62553e56-a646-4859-9f1a-e2eda66fa9b6\bin\Release\net9.0/" --output "A:\g\Chopsticks2\Native\Benchmarks\bin\Release\net9.0\62553e56-a646-4859-9f1a-e2eda66fa9b6\bin\Release\net9.0/" in A:\g\Chopsticks2\Native\Benchmarks\bin\Release\net9.0\62553e56-a646-4859-9f1a-e2eda66fa9b6
// command took 5.5 sec and exited with 0
// ***** Done, took 00:00:06 (6.34 sec)   *****
// Found 12 benchmarks:
//   FireAndForgetBenchmarks.'TryHandle (unconsumed)': Job-XHKEKX(IterationCount=10, WarmupCount=3)
//   FireAndForgetBenchmarks.TryHandleFireAndForget: Job-XHKEKX(IterationCount=10, WarmupCount=3)
//   FireAndForgetBenchmarks.HandleSync: Job-XHKEKX(IterationCount=10, WarmupCount=3)
//   FireAndForgetBenchmarks.'TryHandle (consumed)': Job-XHKEKX(IterationCount=10, WarmupCount=3)
//   FireAndForgetBenchmarks.'TryHandle (unconsumed)': Job-XHKEKX(IterationCount=10, WarmupCount=3)
//   FireAndForgetBenchmarks.TryHandleFireAndForget: Job-XHKEKX(IterationCount=10, WarmupCount=3)
//   FireAndForgetBenchmarks.HandleSync: Job-XHKEKX(IterationCount=10, WarmupCount=3)
//   FireAndForgetBenchmarks.'TryHandle (consumed)': Job-XHKEKX(IterationCount=10, WarmupCount=3)
//   FireAndForgetBenchmarks.'TryHandle (unconsumed) x1000': Job-XHKEKX(IterationCount=10, WarmupCount=3)
//   FireAndForgetBenchmarks.'TryHandleFireAndForget x1000': Job-XHKEKX(IterationCount=10, WarmupCount=3)
//   FireAndForgetBenchmarks.'HandleSync x1000': Job-XHKEKX(IterationCount=10, WarmupCount=3)
//   FireAndForgetBenchmarks.'TryHandle (consumed) x1000': Job-XHKEKX(IterationCount=10, WarmupCount=3)

Setup power plan (GUID: 8c5e7fda-e8bf-4a96-9a85-a6e23a8c635c FriendlyName: High performance)
// **************************
// Benchmark: FireAndForgetBenchmarks.'TryHandle (unconsumed)': Job-XHKEKX(IterationCount=10, WarmupCount=3)
// *** Execute ***
// Launch: 1 / 1
// Execute: dotnet 62553e56-a646-4859-9f1a-e2eda66fa9b6.dll --anonymousPipes 1260 1276 --benchmarkName Chopsticks.Benchmarks.FireAndForgetBenchmarks.SingleHandler_TryHandle_Unconsumed --job "IterationCount=10, WarmupCount=3" --benchmarkId 0 in A:\g\Chopsticks2\Native\Benchmarks\bin\Release\net9.0\62553e56-a646-4859-9f1a-e2eda66fa9b6\bin\Release\net9.0
// BeforeAnythingElse

// Benchmark Process Environment Information:
// BenchmarkDotNet v0.14.0
// Runtime=.NET 9.0.16 (9.0.1626.22923), X64 RyuJIT AVX2
// GC=Concurrent Workstation
// HardwareIntrinsics=AVX2,AES,BMI1,BMI2,FMA,LZCNT,PCLMUL,POPCNT,AvxVnni,SERIALIZE VectorSize=256
// Job: Job-OCLCOM(IterationCount=10, WarmupCount=3)

OverheadJitting  1: 1 op, 176500.00 ns, 176.5000 us/op
WorkloadJitting  1: 1 op, 2425800.00 ns, 2.4258 ms/op

OverheadJitting  2: 16 op, 138400.00 ns, 8.6500 us/op
WorkloadJitting  2: 16 op, 207300.00 ns, 12.9563 us/op

WorkloadPilot    1: 16 op, 8000.00 ns, 500.0000 ns/op
WorkloadPilot    2: 32 op, 16000.00 ns, 500.0000 ns/op
WorkloadPilot    3: 64 op, 24300.00 ns, 379.6875 ns/op
WorkloadPilot    4: 128 op, 37700.00 ns, 294.5313 ns/op
WorkloadPilot    5: 256 op, 89500.00 ns, 349.6094 ns/op
WorkloadPilot    6: 512 op, 130500.00 ns, 254.8828 ns/op
WorkloadPilot    7: 1024 op, 251100.00 ns, 245.2148 ns/op
WorkloadPilot    8: 2048 op, 448700.00 ns, 219.0918 ns/op
WorkloadPilot    9: 4096 op, 875000.00 ns, 213.6230 ns/op
WorkloadPilot   10: 8192 op, 1836700.00 ns, 224.2065 ns/op
WorkloadPilot   11: 16384 op, 3096000.00 ns, 188.9648 ns/op
WorkloadPilot   12: 32768 op, 7736200.00 ns, 236.0901 ns/op
WorkloadPilot   13: 65536 op, 14728800.00 ns, 224.7437 ns/op
WorkloadPilot   14: 131072 op, 18560200.00 ns, 141.6031 ns/op
WorkloadPilot   15: 262144 op, 39239800.00 ns, 149.6880 ns/op
WorkloadPilot   16: 524288 op, 75467700.00 ns, 143.9432 ns/op
WorkloadPilot   17: 1048576 op, 152424100.00 ns, 145.3629 ns/op
WorkloadPilot   18: 2097152 op, 213115700.00 ns, 101.6215 ns/op
WorkloadPilot   19: 4194304 op, 408989600.00 ns, 97.5107 ns/op
WorkloadPilot   20: 8388608 op, 849202200.00 ns, 101.2328 ns/op

OverheadWarmup   1: 8388608 op, 14041300.00 ns, 1.6739 ns/op
OverheadWarmup   2: 8388608 op, 13969000.00 ns, 1.6652 ns/op
OverheadWarmup   3: 8388608 op, 18614300.00 ns, 2.2190 ns/op
OverheadWarmup   4: 8388608 op, 14483300.00 ns, 1.7265 ns/op
OverheadWarmup   5: 8388608 op, 14590500.00 ns, 1.7393 ns/op
OverheadWarmup   6: 8388608 op, 24665300.00 ns, 2.9403 ns/op
OverheadWarmup   7: 8388608 op, 16467500.00 ns, 1.9631 ns/op

OverheadActual   1: 8388608 op, 14093700.00 ns, 1.6801 ns/op
OverheadActual   2: 8388608 op, 14039700.00 ns, 1.6737 ns/op
OverheadActual   3: 8388608 op, 14602500.00 ns, 1.7408 ns/op
OverheadActual   4: 8388608 op, 13693800.00 ns, 1.6324 ns/op
OverheadActual   5: 8388608 op, 17395100.00 ns, 2.0737 ns/op
OverheadActual   6: 8388608 op, 19074600.00 ns, 2.2739 ns/op
OverheadActual   7: 8388608 op, 14353100.00 ns, 1.7110 ns/op
OverheadActual   8: 8388608 op, 14564500.00 ns, 1.7362 ns/op
OverheadActual   9: 8388608 op, 14081000.00 ns, 1.6786 ns/op
OverheadActual  10: 8388608 op, 14746400.00 ns, 1.7579 ns/op
OverheadActual  11: 8388608 op, 16339200.00 ns, 1.9478 ns/op
OverheadActual  12: 8388608 op, 15694200.00 ns, 1.8709 ns/op
OverheadActual  13: 8388608 op, 11963800.00 ns, 1.4262 ns/op
OverheadActual  14: 8388608 op, 12727900.00 ns, 1.5173 ns/op
OverheadActual  15: 8388608 op, 9314000.00 ns, 1.1103 ns/op
OverheadActual  16: 8388608 op, 9018000.00 ns, 1.0750 ns/op
OverheadActual  17: 8388608 op, 8876300.00 ns, 1.0581 ns/op
OverheadActual  18: 8388608 op, 8836000.00 ns, 1.0533 ns/op
OverheadActual  19: 8388608 op, 8872000.00 ns, 1.0576 ns/op
OverheadActual  20: 8388608 op, 8792800.00 ns, 1.0482 ns/op

WorkloadWarmup   1: 8388608 op, 874255400.00 ns, 104.2194 ns/op
WorkloadWarmup   2: 8388608 op, 909001000.00 ns, 108.3614 ns/op
WorkloadWarmup   3: 8388608 op, 867508200.00 ns, 103.4150 ns/op

// BeforeActualRun
WorkloadActual   1: 8388608 op, 874224700.00 ns, 104.2157 ns/op
WorkloadActual   2: 8388608 op, 817072000.00 ns, 97.4026 ns/op
WorkloadActual   3: 8388608 op, 719286600.00 ns, 85.7456 ns/op
WorkloadActual   4: 8388608 op, 672480900.00 ns, 80.1660 ns/op
WorkloadActual   5: 8388608 op, 794785600.00 ns, 94.7458 ns/op
WorkloadActual   6: 8388608 op, 877961500.00 ns, 104.6612 ns/op
WorkloadActual   7: 8388608 op, 663192700.00 ns, 79.0587 ns/op
WorkloadActual   8: 8388608 op, 661577900.00 ns, 78.8662 ns/op
WorkloadActual   9: 8388608 op, 795828100.00 ns, 94.8701 ns/op
WorkloadActual  10: 8388608 op, 741218000.00 ns, 88.3601 ns/op

// AfterActualRun
WorkloadResult   1: 8388608 op, 860164350.00 ns, 102.5396 ns/op
WorkloadResult   2: 8388608 op, 803011650.00 ns, 95.7264 ns/op
WorkloadResult   3: 8388608 op, 705226250.00 ns, 84.0695 ns/op
WorkloadResult   4: 8388608 op, 658420550.00 ns, 78.4898 ns/op
WorkloadResult   5: 8388608 op, 780725250.00 ns, 93.0697 ns/op
WorkloadResult   6: 8388608 op, 863901150.00 ns, 102.9850 ns/op
WorkloadResult   7: 8388608 op, 649132350.00 ns, 77.3826 ns/op
WorkloadResult   8: 8388608 op, 647517550.00 ns, 77.1901 ns/op
WorkloadResult   9: 8388608 op, 781767750.00 ns, 93.1940 ns/op
WorkloadResult  10: 8388608 op, 727157650.00 ns, 86.6839 ns/op
// GC:  135 0 0 2550137232 8388608
// Threading:  0 0 8388608

// AfterAll
// Benchmark Process 67996 has exited with code 0.

Mean = 89.133 ns, StdErr = 3.114 ns (3.49%), N = 10, StdDev = 9.847 ns
Min = 77.190 ns, Q1 = 79.885 ns, Median = 89.877 ns, Q3 = 95.093 ns, Max = 102.985 ns
IQR = 15.209 ns, LowerFence = 57.072 ns, UpperFence = 117.906 ns
ConfidenceInterval = [74.246 ns; 104.021 ns] (CI 99.9%), Margin = 14.887 ns (16.70% of Mean)
Skewness = 0.08, Kurtosis = 1.32, MValue = 4

// ** Remained 11 (91.7%) benchmark(s) to run. Estimated finish 2026-05-19 20:40 (0h 2m from now) **
Setup power plan (GUID: 8c5e7fda-e8bf-4a96-9a85-a6e23a8c635c FriendlyName: High performance)
// **************************
// Benchmark: FireAndForgetBenchmarks.TryHandleFireAndForget: Job-XHKEKX(IterationCount=10, WarmupCount=3)
// *** Execute ***
// Launch: 1 / 1
// Execute: dotnet 62553e56-a646-4859-9f1a-e2eda66fa9b6.dll --anonymousPipes 1288 1164 --benchmarkName Chopsticks.Benchmarks.FireAndForgetBenchmarks.SingleHandler_FireAndForget --job "IterationCount=10, WarmupCount=3" --benchmarkId 1 in A:\g\Chopsticks2\Native\Benchmarks\bin\Release\net9.0\62553e56-a646-4859-9f1a-e2eda66fa9b6\bin\Release\net9.0
// BeforeAnythingElse

// Benchmark Process Environment Information:
// BenchmarkDotNet v0.14.0
// Runtime=.NET 9.0.16 (9.0.1626.22923), X64 RyuJIT AVX2
// GC=Concurrent Workstation
// HardwareIntrinsics=AVX2,AES,BMI1,BMI2,FMA,LZCNT,PCLMUL,POPCNT,AvxVnni,SERIALIZE VectorSize=256
// Job: Job-XBHNPW(IterationCount=10, WarmupCount=3)

OverheadJitting  1: 1 op, 108700.00 ns, 108.7000 us/op
WorkloadJitting  1: 1 op, 588100.00 ns, 588.1000 us/op

OverheadJitting  2: 16 op, 116300.00 ns, 7.2688 us/op
WorkloadJitting  2: 16 op, 114100.00 ns, 7.1313 us/op

WorkloadPilot    1: 16 op, 2400.00 ns, 150.0000 ns/op
WorkloadPilot    2: 32 op, 3300.00 ns, 103.1250 ns/op
WorkloadPilot    3: 64 op, 4500.00 ns, 70.3125 ns/op
WorkloadPilot    4: 128 op, 8500.00 ns, 66.4063 ns/op
WorkloadPilot    5: 256 op, 15500.00 ns, 60.5469 ns/op
WorkloadPilot    6: 512 op, 27000.00 ns, 52.7344 ns/op
WorkloadPilot    7: 1024 op, 57100.00 ns, 55.7617 ns/op
WorkloadPilot    8: 2048 op, 104100.00 ns, 50.8301 ns/op
WorkloadPilot    9: 4096 op, 207800.00 ns, 50.7324 ns/op
WorkloadPilot   10: 8192 op, 475300.00 ns, 58.0200 ns/op
WorkloadPilot   11: 16384 op, 862000.00 ns, 52.6123 ns/op
WorkloadPilot   12: 32768 op, 1497400.00 ns, 45.6970 ns/op
WorkloadPilot   13: 65536 op, 2879500.00 ns, 43.9377 ns/op
WorkloadPilot   14: 131072 op, 5665100.00 ns, 43.2213 ns/op
WorkloadPilot   15: 262144 op, 11268100.00 ns, 42.9844 ns/op
WorkloadPilot   16: 524288 op, 41399100.00 ns, 78.9625 ns/op
WorkloadPilot   17: 1048576 op, 88164200.00 ns, 84.0799 ns/op
WorkloadPilot   18: 2097152 op, 79844100.00 ns, 38.0726 ns/op
WorkloadPilot   19: 4194304 op, 155518500.00 ns, 37.0785 ns/op
WorkloadPilot   20: 8388608 op, 309489800.00 ns, 36.8941 ns/op
WorkloadPilot   21: 16777216 op, 487979300.00 ns, 29.0858 ns/op
WorkloadPilot   22: 33554432 op, 825861600.00 ns, 24.6126 ns/op

OverheadWarmup   1: 33554432 op, 45963700.00 ns, 1.3698 ns/op
OverheadWarmup   2: 33554432 op, 44318200.00 ns, 1.3208 ns/op
OverheadWarmup   3: 33554432 op, 45499000.00 ns, 1.3560 ns/op
OverheadWarmup   4: 33554432 op, 86880100.00 ns, 2.5892 ns/op
OverheadWarmup   5: 33554432 op, 49392200.00 ns, 1.4720 ns/op
OverheadWarmup   6: 33554432 op, 49799400.00 ns, 1.4841 ns/op
OverheadWarmup   7: 33554432 op, 48930300.00 ns, 1.4582 ns/op

OverheadActual   1: 33554432 op, 49331400.00 ns, 1.4702 ns/op
OverheadActual   2: 33554432 op, 48574600.00 ns, 1.4476 ns/op
OverheadActual   3: 33554432 op, 48828700.00 ns, 1.4552 ns/op
OverheadActual   4: 33554432 op, 43625800.00 ns, 1.3002 ns/op
OverheadActual   5: 33554432 op, 47496000.00 ns, 1.4155 ns/op
OverheadActual   6: 33554432 op, 48602900.00 ns, 1.4485 ns/op
OverheadActual   7: 33554432 op, 27095800.00 ns, 0.8075 ns/op
OverheadActual   8: 33554432 op, 38683000.00 ns, 1.1528 ns/op
OverheadActual   9: 33554432 op, 41325300.00 ns, 1.2316 ns/op
OverheadActual  10: 33554432 op, 27384700.00 ns, 0.8161 ns/op
OverheadActual  11: 33554432 op, 27863700.00 ns, 0.8304 ns/op
OverheadActual  12: 33554432 op, 49408000.00 ns, 1.4725 ns/op
OverheadActual  13: 33554432 op, 27297700.00 ns, 0.8135 ns/op
OverheadActual  14: 33554432 op, 27196800.00 ns, 0.8105 ns/op
OverheadActual  15: 33554432 op, 40948000.00 ns, 1.2203 ns/op
OverheadActual  16: 33554432 op, 47091500.00 ns, 1.4034 ns/op
OverheadActual  17: 33554432 op, 26872000.00 ns, 0.8008 ns/op
OverheadActual  18: 33554432 op, 43451900.00 ns, 1.2950 ns/op
OverheadActual  19: 33554432 op, 49508400.00 ns, 1.4755 ns/op
OverheadActual  20: 33554432 op, 27553800.00 ns, 0.8212 ns/op

WorkloadWarmup   1: 33554432 op, 829476600.00 ns, 24.7203 ns/op
WorkloadWarmup   2: 33554432 op, 766232500.00 ns, 22.8355 ns/op
WorkloadWarmup   3: 33554432 op, 764161600.00 ns, 22.7738 ns/op

// BeforeActualRun
WorkloadActual   1: 33554432 op, 1043285300.00 ns, 31.0923 ns/op
WorkloadActual   2: 33554432 op, 833612300.00 ns, 24.8436 ns/op
WorkloadActual   3: 33554432 op, 703147500.00 ns, 20.9554 ns/op
WorkloadActual   4: 33554432 op, 706095900.00 ns, 21.0433 ns/op
WorkloadActual   5: 33554432 op, 795949100.00 ns, 23.7211 ns/op
WorkloadActual   6: 33554432 op, 752802900.00 ns, 22.4353 ns/op
WorkloadActual   7: 33554432 op, 827947700.00 ns, 24.6748 ns/op
WorkloadActual   8: 33554432 op, 940532700.00 ns, 28.0301 ns/op
WorkloadActual   9: 33554432 op, 820324300.00 ns, 24.4476 ns/op
WorkloadActual  10: 33554432 op, 832298000.00 ns, 24.8044 ns/op

// AfterActualRun
WorkloadResult   1: 33554432 op, 791223700.00 ns, 23.5803 ns/op
WorkloadResult   2: 33554432 op, 660758900.00 ns, 19.6921 ns/op
WorkloadResult   3: 33554432 op, 663707300.00 ns, 19.7800 ns/op
WorkloadResult   4: 33554432 op, 753560500.00 ns, 22.4579 ns/op
WorkloadResult   5: 33554432 op, 710414300.00 ns, 21.1720 ns/op
WorkloadResult   6: 33554432 op, 785559100.00 ns, 23.4115 ns/op
WorkloadResult   7: 33554432 op, 777935700.00 ns, 23.1843 ns/op
WorkloadResult   8: 33554432 op, 789909400.00 ns, 23.5411 ns/op
// GC:  0 0 0 400 33554432
// Threading:  0 0 33554432

// AfterAll
// Benchmark Process 38568 has exited with code 0.

Mean = 22.102 ns, StdErr = 0.588 ns (2.66%), N = 8, StdDev = 1.662 ns
Min = 19.692 ns, Q1 = 20.824 ns, Median = 22.821 ns, Q3 = 23.444 ns, Max = 23.580 ns
IQR = 2.620 ns, LowerFence = 16.894 ns, UpperFence = 27.374 ns
ConfidenceInterval = [18.925 ns; 25.280 ns] (CI 99.9%), Margin = 3.177 ns (14.38% of Mean)
Skewness = -0.48, Kurtosis = 1.26, MValue = 2

// ** Remained 10 (83.3%) benchmark(s) to run. Estimated finish 2026-05-19 20:40 (0h 2m from now) **
Setup power plan (GUID: 8c5e7fda-e8bf-4a96-9a85-a6e23a8c635c FriendlyName: High performance)
// **************************
// Benchmark: FireAndForgetBenchmarks.HandleSync: Job-XHKEKX(IterationCount=10, WarmupCount=3)
// *** Execute ***
// Launch: 1 / 1
// Execute: dotnet 62553e56-a646-4859-9f1a-e2eda66fa9b6.dll --anonymousPipes 1348 1340 --benchmarkName Chopsticks.Benchmarks.FireAndForgetBenchmarks.SingleHandler_HandleSync --job "IterationCount=10, WarmupCount=3" --benchmarkId 2 in A:\g\Chopsticks2\Native\Benchmarks\bin\Release\net9.0\62553e56-a646-4859-9f1a-e2eda66fa9b6\bin\Release\net9.0
// BeforeAnythingElse

// Benchmark Process Environment Information:
// BenchmarkDotNet v0.14.0
// Runtime=.NET 9.0.16 (9.0.1626.22923), X64 RyuJIT AVX2
// GC=Concurrent Workstation
// HardwareIntrinsics=AVX2,AES,BMI1,BMI2,FMA,LZCNT,PCLMUL,POPCNT,AvxVnni,SERIALIZE VectorSize=256
// Job: Job-XWDKEW(IterationCount=10, WarmupCount=3)

OverheadJitting  1: 1 op, 293600.00 ns, 293.6000 us/op
WorkloadJitting  1: 1 op, 1720600.00 ns, 1.7206 ms/op

OverheadJitting  2: 16 op, 214400.00 ns, 13.4000 us/op
WorkloadJitting  2: 16 op, 189800.00 ns, 11.8625 us/op

WorkloadPilot    1: 16 op, 2700.00 ns, 168.7500 ns/op
WorkloadPilot    2: 32 op, 3900.00 ns, 121.8750 ns/op
WorkloadPilot    3: 64 op, 5800.00 ns, 90.6250 ns/op
WorkloadPilot    4: 128 op, 9600.00 ns, 75.0000 ns/op
WorkloadPilot    5: 256 op, 20000.00 ns, 78.1250 ns/op
WorkloadPilot    6: 512 op, 38100.00 ns, 74.4141 ns/op
WorkloadPilot    7: 1024 op, 73100.00 ns, 71.3867 ns/op
WorkloadPilot    8: 2048 op, 145900.00 ns, 71.2402 ns/op
WorkloadPilot    9: 4096 op, 291500.00 ns, 71.1670 ns/op
WorkloadPilot   10: 8192 op, 669000.00 ns, 81.6650 ns/op
WorkloadPilot   11: 16384 op, 1088700.00 ns, 66.4490 ns/op
WorkloadPilot   12: 32768 op, 2044000.00 ns, 62.3779 ns/op
WorkloadPilot   13: 65536 op, 3894900.00 ns, 59.4315 ns/op
WorkloadPilot   14: 131072 op, 7379100.00 ns, 56.2981 ns/op
WorkloadPilot   15: 262144 op, 18275300.00 ns, 69.7147 ns/op
WorkloadPilot   16: 524288 op, 29904400.00 ns, 57.0381 ns/op
WorkloadPilot   17: 1048576 op, 57574200.00 ns, 54.9070 ns/op
WorkloadPilot   18: 2097152 op, 109907300.00 ns, 52.4079 ns/op
WorkloadPilot   19: 4194304 op, 133172800.00 ns, 31.7509 ns/op
WorkloadPilot   20: 8388608 op, 280721200.00 ns, 33.4646 ns/op
WorkloadPilot   21: 16777216 op, 558879800.00 ns, 33.3118 ns/op

OverheadWarmup   1: 16777216 op, 32931500.00 ns, 1.9629 ns/op
OverheadWarmup   2: 16777216 op, 31255300.00 ns, 1.8630 ns/op
OverheadWarmup   3: 16777216 op, 29935200.00 ns, 1.7843 ns/op
OverheadWarmup   4: 16777216 op, 29044200.00 ns, 1.7312 ns/op
OverheadWarmup   5: 16777216 op, 29605700.00 ns, 1.7646 ns/op
OverheadWarmup   6: 16777216 op, 29952800.00 ns, 1.7853 ns/op
OverheadWarmup   7: 16777216 op, 29882200.00 ns, 1.7811 ns/op
OverheadWarmup   8: 16777216 op, 29528200.00 ns, 1.7600 ns/op
OverheadWarmup   9: 16777216 op, 29307800.00 ns, 1.7469 ns/op
OverheadWarmup  10: 16777216 op, 31073000.00 ns, 1.8521 ns/op

OverheadActual   1: 16777216 op, 29815800.00 ns, 1.7772 ns/op
OverheadActual   2: 16777216 op, 29244000.00 ns, 1.7431 ns/op
OverheadActual   3: 16777216 op, 29689000.00 ns, 1.7696 ns/op
OverheadActual   4: 16777216 op, 30213600.00 ns, 1.8009 ns/op
OverheadActual   5: 16777216 op, 30719000.00 ns, 1.8310 ns/op
OverheadActual   6: 16777216 op, 44355600.00 ns, 2.6438 ns/op
OverheadActual   7: 16777216 op, 32503200.00 ns, 1.9373 ns/op
OverheadActual   8: 16777216 op, 28977900.00 ns, 1.7272 ns/op
OverheadActual   9: 16777216 op, 29839700.00 ns, 1.7786 ns/op
OverheadActual  10: 16777216 op, 35375800.00 ns, 2.1086 ns/op
OverheadActual  11: 16777216 op, 21011900.00 ns, 1.2524 ns/op
OverheadActual  12: 16777216 op, 18567600.00 ns, 1.1067 ns/op
OverheadActual  13: 16777216 op, 23902600.00 ns, 1.4247 ns/op
OverheadActual  14: 16777216 op, 18702300.00 ns, 1.1147 ns/op
OverheadActual  15: 16777216 op, 25533100.00 ns, 1.5219 ns/op
OverheadActual  16: 16777216 op, 20114500.00 ns, 1.1989 ns/op
OverheadActual  17: 16777216 op, 17460600.00 ns, 1.0407 ns/op
OverheadActual  18: 16777216 op, 18899100.00 ns, 1.1265 ns/op
OverheadActual  19: 16777216 op, 24256800.00 ns, 1.4458 ns/op
OverheadActual  20: 16777216 op, 18390300.00 ns, 1.0961 ns/op

WorkloadWarmup   1: 16777216 op, 601987200.00 ns, 35.8812 ns/op
WorkloadWarmup   2: 16777216 op, 562193100.00 ns, 33.5093 ns/op
WorkloadWarmup   3: 16777216 op, 579496200.00 ns, 34.5407 ns/op

// BeforeActualRun
WorkloadActual   1: 16777216 op, 585172000.00 ns, 34.8790 ns/op
WorkloadActual   2: 16777216 op, 571512400.00 ns, 34.0648 ns/op
WorkloadActual   3: 16777216 op, 526496900.00 ns, 31.3817 ns/op
WorkloadActual   4: 16777216 op, 499846800.00 ns, 29.7932 ns/op
WorkloadActual   5: 16777216 op, 455809100.00 ns, 27.1683 ns/op
WorkloadActual   6: 16777216 op, 470748100.00 ns, 28.0588 ns/op
WorkloadActual   7: 16777216 op, 428656500.00 ns, 25.5499 ns/op
WorkloadActual   8: 16777216 op, 649366500.00 ns, 38.7053 ns/op
WorkloadActual   9: 16777216 op, 645570500.00 ns, 38.4790 ns/op
WorkloadActual  10: 16777216 op, 505801900.00 ns, 30.1481 ns/op

// AfterActualRun
WorkloadResult   1: 16777216 op, 557916500.00 ns, 33.2544 ns/op
WorkloadResult   2: 16777216 op, 544256900.00 ns, 32.4402 ns/op
WorkloadResult   3: 16777216 op, 499241400.00 ns, 29.7571 ns/op
WorkloadResult   4: 16777216 op, 472591300.00 ns, 28.1686 ns/op
WorkloadResult   5: 16777216 op, 428553600.00 ns, 25.5438 ns/op
WorkloadResult   6: 16777216 op, 443492600.00 ns, 26.4342 ns/op
WorkloadResult   7: 16777216 op, 401401000.00 ns, 23.9254 ns/op
WorkloadResult   8: 16777216 op, 622111000.00 ns, 37.0807 ns/op
WorkloadResult   9: 16777216 op, 618315000.00 ns, 36.8544 ns/op
WorkloadResult  10: 16777216 op, 478546400.00 ns, 28.5236 ns/op
// GC:  0 0 0 112 16777216
// Threading:  0 0 16777216

// AfterAll
// Benchmark Process 66804 has exited with code 0.

Mean = 30.198 ns, StdErr = 1.447 ns (4.79%), N = 10, StdDev = 4.575 ns
Min = 23.925 ns, Q1 = 26.868 ns, Median = 29.140 ns, Q3 = 33.051 ns, Max = 37.081 ns
IQR = 6.183 ns, LowerFence = 17.593 ns, UpperFence = 42.325 ns
ConfidenceInterval = [23.282 ns; 37.114 ns] (CI 99.9%), Margin = 6.916 ns (22.90% of Mean)
Skewness = 0.26, Kurtosis = 1.5, MValue = 2

// ** Remained 9 (75.0%) benchmark(s) to run. Estimated finish 2026-05-19 20:40 (0h 1m from now) **
Setup power plan (GUID: 8c5e7fda-e8bf-4a96-9a85-a6e23a8c635c FriendlyName: High performance)
// **************************
// Benchmark: FireAndForgetBenchmarks.'TryHandle (consumed)': Job-XHKEKX(IterationCount=10, WarmupCount=3)
// *** Execute ***
// Launch: 1 / 1
// Execute: dotnet 62553e56-a646-4859-9f1a-e2eda66fa9b6.dll --anonymousPipes 656 652 --benchmarkName Chopsticks.Benchmarks.FireAndForgetBenchmarks.SingleHandler_TryHandle_Consumed --job "IterationCount=10, WarmupCount=3" --benchmarkId 3 in A:\g\Chopsticks2\Native\Benchmarks\bin\Release\net9.0\62553e56-a646-4859-9f1a-e2eda66fa9b6\bin\Release\net9.0
// BeforeAnythingElse

// Benchmark Process Environment Information:
// BenchmarkDotNet v0.14.0
// Runtime=.NET 9.0.16 (9.0.1626.22923), X64 RyuJIT AVX2
// GC=Concurrent Workstation
// HardwareIntrinsics=AVX2,AES,BMI1,BMI2,FMA,LZCNT,PCLMUL,POPCNT,AvxVnni,SERIALIZE VectorSize=256
// Job: Job-OEKPHF(IterationCount=10, WarmupCount=3)

OverheadJitting  1: 1 op, 215400.00 ns, 215.4000 us/op
WorkloadJitting  1: 1 op, 2922500.00 ns, 2.9225 ms/op

OverheadJitting  2: 16 op, 244900.00 ns, 15.3063 us/op
WorkloadJitting  2: 16 op, 305300.00 ns, 19.0813 us/op

WorkloadPilot    1: 16 op, 11200.00 ns, 700.0000 ns/op
WorkloadPilot    2: 32 op, 12100.00 ns, 378.1250 ns/op
WorkloadPilot    3: 64 op, 18400.00 ns, 287.5000 ns/op
WorkloadPilot    4: 128 op, 39000.00 ns, 304.6875 ns/op
WorkloadPilot    5: 256 op, 54200.00 ns, 211.7188 ns/op
WorkloadPilot    6: 512 op, 100700.00 ns, 196.6797 ns/op
WorkloadPilot    7: 1024 op, 286400.00 ns, 279.6875 ns/op
WorkloadPilot    8: 2048 op, 499600.00 ns, 243.9453 ns/op
WorkloadPilot    9: 4096 op, 1126800.00 ns, 275.0977 ns/op
WorkloadPilot   10: 8192 op, 2866700.00 ns, 349.9390 ns/op
WorkloadPilot   11: 16384 op, 3076400.00 ns, 187.7686 ns/op
WorkloadPilot   12: 32768 op, 8147600.00 ns, 248.6450 ns/op
WorkloadPilot   13: 65536 op, 13057500.00 ns, 199.2416 ns/op
WorkloadPilot   14: 131072 op, 24541800.00 ns, 187.2391 ns/op
WorkloadPilot   15: 262144 op, 49142800.00 ns, 187.4649 ns/op
WorkloadPilot   16: 524288 op, 91090100.00 ns, 173.7406 ns/op
WorkloadPilot   17: 1048576 op, 147189500.00 ns, 140.3708 ns/op
WorkloadPilot   18: 2097152 op, 272483900.00 ns, 129.9304 ns/op
WorkloadPilot   19: 4194304 op, 563720800.00 ns, 134.4015 ns/op

OverheadWarmup   1: 4194304 op, 7175600.00 ns, 1.7108 ns/op
OverheadWarmup   2: 4194304 op, 7086800.00 ns, 1.6896 ns/op
OverheadWarmup   3: 4194304 op, 7013200.00 ns, 1.6721 ns/op
OverheadWarmup   4: 4194304 op, 8252100.00 ns, 1.9675 ns/op
OverheadWarmup   5: 4194304 op, 6849500.00 ns, 1.6330 ns/op
OverheadWarmup   6: 4194304 op, 7734900.00 ns, 1.8441 ns/op
OverheadWarmup   7: 4194304 op, 6877900.00 ns, 1.6398 ns/op

OverheadActual   1: 4194304 op, 7517800.00 ns, 1.7924 ns/op
OverheadActual   2: 4194304 op, 7534700.00 ns, 1.7964 ns/op
OverheadActual   3: 4194304 op, 8112700.00 ns, 1.9342 ns/op
OverheadActual   4: 4194304 op, 6885900.00 ns, 1.6417 ns/op
OverheadActual   5: 4194304 op, 11326200.00 ns, 2.7004 ns/op
OverheadActual   6: 4194304 op, 9511400.00 ns, 2.2677 ns/op
OverheadActual   7: 4194304 op, 6697800.00 ns, 1.5969 ns/op
OverheadActual   8: 4194304 op, 7274800.00 ns, 1.7344 ns/op
OverheadActual   9: 4194304 op, 7978700.00 ns, 1.9023 ns/op
OverheadActual  10: 4194304 op, 10304900.00 ns, 2.4569 ns/op
OverheadActual  11: 4194304 op, 6840700.00 ns, 1.6309 ns/op
OverheadActual  12: 4194304 op, 6828600.00 ns, 1.6281 ns/op
OverheadActual  13: 4194304 op, 7022900.00 ns, 1.6744 ns/op
OverheadActual  14: 4194304 op, 7124300.00 ns, 1.6986 ns/op
OverheadActual  15: 4194304 op, 7137500.00 ns, 1.7017 ns/op
OverheadActual  16: 4194304 op, 7803400.00 ns, 1.8605 ns/op
OverheadActual  17: 4194304 op, 7100700.00 ns, 1.6929 ns/op
OverheadActual  18: 4194304 op, 7214700.00 ns, 1.7201 ns/op
OverheadActual  19: 4194304 op, 6680800.00 ns, 1.5928 ns/op
OverheadActual  20: 4194304 op, 7021100.00 ns, 1.6740 ns/op

WorkloadWarmup   1: 4194304 op, 563208900.00 ns, 134.2795 ns/op
WorkloadWarmup   2: 4194304 op, 567313300.00 ns, 135.2580 ns/op
WorkloadWarmup   3: 4194304 op, 582102600.00 ns, 138.7841 ns/op

// BeforeActualRun
WorkloadActual   1: 4194304 op, 602439300.00 ns, 143.6327 ns/op
WorkloadActual   2: 4194304 op, 604387800.00 ns, 144.0973 ns/op
WorkloadActual   3: 4194304 op, 616969400.00 ns, 147.0970 ns/op
WorkloadActual   4: 4194304 op, 613821100.00 ns, 146.3464 ns/op
WorkloadActual   5: 4194304 op, 637545400.00 ns, 152.0027 ns/op
WorkloadActual   6: 4194304 op, 640608100.00 ns, 152.7329 ns/op
WorkloadActual   7: 4194304 op, 635271600.00 ns, 151.4606 ns/op
WorkloadActual   8: 4194304 op, 645192000.00 ns, 153.8258 ns/op
WorkloadActual   9: 4194304 op, 664464600.00 ns, 158.4207 ns/op
WorkloadActual  10: 4194304 op, 649478900.00 ns, 154.8478 ns/op

// AfterActualRun
WorkloadResult   1: 4194304 op, 595263200.00 ns, 141.9218 ns/op
WorkloadResult   2: 4194304 op, 597211700.00 ns, 142.3864 ns/op
WorkloadResult   3: 4194304 op, 609793300.00 ns, 145.3861 ns/op
WorkloadResult   4: 4194304 op, 606645000.00 ns, 144.6354 ns/op
WorkloadResult   5: 4194304 op, 630369300.00 ns, 150.2918 ns/op
WorkloadResult   6: 4194304 op, 633432000.00 ns, 151.0220 ns/op
WorkloadResult   7: 4194304 op, 628095500.00 ns, 149.7496 ns/op
WorkloadResult   8: 4194304 op, 638015900.00 ns, 152.1148 ns/op
WorkloadResult   9: 4194304 op, 657288500.00 ns, 156.7098 ns/op
WorkloadResult  10: 4194304 op, 642302800.00 ns, 153.1369 ns/op
// GC:  0 0 0 400 4194304
// Threading:  0 0 4194304

// AfterAll
// Benchmark Process 69536 has exited with code 0.

Mean = 148.735 ns, StdErr = 1.556 ns (1.05%), N = 10, StdDev = 4.920 ns
Min = 141.922 ns, Q1 = 144.823 ns, Median = 150.021 ns, Q3 = 151.842 ns, Max = 156.710 ns
IQR = 7.019 ns, LowerFence = 134.295 ns, UpperFence = 162.369 ns
ConfidenceInterval = [141.298 ns; 156.173 ns] (CI 99.9%), Margin = 7.438 ns (5.00% of Mean)
Skewness = -0.03, Kurtosis = 1.5, MValue = 2

// ** Remained 8 (66.7%) benchmark(s) to run. Estimated finish 2026-05-19 20:40 (0h 1m from now) **
Setup power plan (GUID: 8c5e7fda-e8bf-4a96-9a85-a6e23a8c635c FriendlyName: High performance)
// **************************
// Benchmark: FireAndForgetBenchmarks.'TryHandle (unconsumed)': Job-XHKEKX(IterationCount=10, WarmupCount=3)
// *** Execute ***
// Launch: 1 / 1
// Execute: dotnet 62553e56-a646-4859-9f1a-e2eda66fa9b6.dll --anonymousPipes 1404 1400 --benchmarkName Chopsticks.Benchmarks.FireAndForgetBenchmarks.FiveHandlers_TryHandle_Unconsumed --job "IterationCount=10, WarmupCount=3" --benchmarkId 4 in A:\g\Chopsticks2\Native\Benchmarks\bin\Release\net9.0\62553e56-a646-4859-9f1a-e2eda66fa9b6\bin\Release\net9.0
// BeforeAnythingElse

// Benchmark Process Environment Information:
// BenchmarkDotNet v0.14.0
// Runtime=.NET 9.0.16 (9.0.1626.22923), X64 RyuJIT AVX2
// GC=Concurrent Workstation
// HardwareIntrinsics=AVX2,AES,BMI1,BMI2,FMA,LZCNT,PCLMUL,POPCNT,AvxVnni,SERIALIZE VectorSize=256
// Job: Job-AXWUTI(IterationCount=10, WarmupCount=3)

OverheadJitting  1: 1 op, 187200.00 ns, 187.2000 us/op
WorkloadJitting  1: 1 op, 3023900.00 ns, 3.0239 ms/op

OverheadJitting  2: 16 op, 170700.00 ns, 10.6688 us/op
WorkloadJitting  2: 16 op, 221000.00 ns, 13.8125 us/op

WorkloadPilot    1: 16 op, 14700.00 ns, 918.7500 ns/op
WorkloadPilot    2: 32 op, 24200.00 ns, 756.2500 ns/op
WorkloadPilot    3: 64 op, 41100.00 ns, 642.1875 ns/op
WorkloadPilot    4: 128 op, 80200.00 ns, 626.5625 ns/op
WorkloadPilot    5: 256 op, 147500.00 ns, 576.1719 ns/op
WorkloadPilot    6: 512 op, 261100.00 ns, 509.9609 ns/op
WorkloadPilot    7: 1024 op, 544600.00 ns, 531.8359 ns/op
WorkloadPilot    8: 2048 op, 1077400.00 ns, 526.0742 ns/op
WorkloadPilot    9: 4096 op, 2057300.00 ns, 502.2705 ns/op
WorkloadPilot   10: 8192 op, 4159300.00 ns, 507.7271 ns/op
WorkloadPilot   11: 16384 op, 7526500.00 ns, 459.3811 ns/op
WorkloadPilot   12: 32768 op, 16423000.00 ns, 501.1902 ns/op
WorkloadPilot   13: 65536 op, 31421200.00 ns, 479.4495 ns/op
WorkloadPilot   14: 131072 op, 52325900.00 ns, 399.2149 ns/op
WorkloadPilot   15: 262144 op, 106758600.00 ns, 407.2517 ns/op
WorkloadPilot   16: 524288 op, 167244800.00 ns, 318.9941 ns/op
WorkloadPilot   17: 1048576 op, 257571200.00 ns, 245.6390 ns/op
WorkloadPilot   18: 2097152 op, 536117200.00 ns, 255.6406 ns/op

OverheadWarmup   1: 2097152 op, 4179400.00 ns, 1.9929 ns/op
OverheadWarmup   2: 2097152 op, 3726500.00 ns, 1.7769 ns/op
OverheadWarmup   3: 2097152 op, 4382100.00 ns, 2.0895 ns/op
OverheadWarmup   4: 2097152 op, 5628200.00 ns, 2.6837 ns/op
OverheadWarmup   5: 2097152 op, 5720700.00 ns, 2.7278 ns/op
OverheadWarmup   6: 2097152 op, 5197400.00 ns, 2.4783 ns/op
OverheadWarmup   7: 2097152 op, 5420800.00 ns, 2.5848 ns/op
OverheadWarmup   8: 2097152 op, 4045300.00 ns, 1.9289 ns/op

OverheadActual   1: 2097152 op, 4174200.00 ns, 1.9904 ns/op
OverheadActual   2: 2097152 op, 4545600.00 ns, 2.1675 ns/op
OverheadActual   3: 2097152 op, 4308700.00 ns, 2.0545 ns/op
OverheadActual   4: 2097152 op, 4602400.00 ns, 2.1946 ns/op
OverheadActual   5: 2097152 op, 4237700.00 ns, 2.0207 ns/op
OverheadActual   6: 2097152 op, 4108700.00 ns, 1.9592 ns/op
OverheadActual   7: 2097152 op, 4027500.00 ns, 1.9205 ns/op
OverheadActual   8: 2097152 op, 4124400.00 ns, 1.9667 ns/op
OverheadActual   9: 2097152 op, 4489400.00 ns, 2.1407 ns/op
OverheadActual  10: 2097152 op, 4276400.00 ns, 2.0391 ns/op
OverheadActual  11: 2097152 op, 3899900.00 ns, 1.8596 ns/op
OverheadActual  12: 2097152 op, 4661100.00 ns, 2.2226 ns/op
OverheadActual  13: 2097152 op, 4119400.00 ns, 1.9643 ns/op
OverheadActual  14: 2097152 op, 4355300.00 ns, 2.0768 ns/op
OverheadActual  15: 2097152 op, 4777900.00 ns, 2.2783 ns/op
OverheadActual  16: 2097152 op, 4184200.00 ns, 1.9952 ns/op
OverheadActual  17: 2097152 op, 4338700.00 ns, 2.0689 ns/op
OverheadActual  18: 2097152 op, 4050400.00 ns, 1.9314 ns/op
OverheadActual  19: 2097152 op, 4529300.00 ns, 2.1597 ns/op
OverheadActual  20: 2097152 op, 4404400.00 ns, 2.1002 ns/op

WorkloadWarmup   1: 2097152 op, 571954100.00 ns, 272.7290 ns/op
WorkloadWarmup   2: 2097152 op, 552976900.00 ns, 263.6799 ns/op
WorkloadWarmup   3: 2097152 op, 537521300.00 ns, 256.3101 ns/op

// BeforeActualRun
WorkloadActual   1: 2097152 op, 560178300.00 ns, 267.1138 ns/op
WorkloadActual   2: 2097152 op, 551210700.00 ns, 262.8377 ns/op
WorkloadActual   3: 2097152 op, 549864200.00 ns, 262.1957 ns/op
WorkloadActual   4: 2097152 op, 546992400.00 ns, 260.8263 ns/op
WorkloadActual   5: 2097152 op, 548883400.00 ns, 261.7280 ns/op
WorkloadActual   6: 2097152 op, 554205200.00 ns, 264.2656 ns/op
WorkloadActual   7: 2097152 op, 539036000.00 ns, 257.0324 ns/op
WorkloadActual   8: 2097152 op, 496395100.00 ns, 236.6996 ns/op
WorkloadActual   9: 2097152 op, 541820200.00 ns, 258.3600 ns/op
WorkloadActual  10: 2097152 op, 392539100.00 ns, 187.1772 ns/op

// AfterActualRun
WorkloadResult   1: 2097152 op, 555885750.00 ns, 265.0670 ns/op
WorkloadResult   2: 2097152 op, 546918150.00 ns, 260.7909 ns/op
WorkloadResult   3: 2097152 op, 545571650.00 ns, 260.1488 ns/op
WorkloadResult   4: 2097152 op, 542699850.00 ns, 258.7795 ns/op
WorkloadResult   5: 2097152 op, 544590850.00 ns, 259.6812 ns/op
WorkloadResult   6: 2097152 op, 549912650.00 ns, 262.2188 ns/op
WorkloadResult   7: 2097152 op, 534743450.00 ns, 254.9855 ns/op
WorkloadResult   8: 2097152 op, 492102550.00 ns, 234.6528 ns/op
WorkloadResult   9: 2097152 op, 537527650.00 ns, 256.3132 ns/op
WorkloadResult  10: 2097152 op, 388246550.00 ns, 185.1304 ns/op
// GC:  33 0 0 637534608 2097152
// Threading:  0 0 2097152

// AfterAll
// Benchmark Process 64760 has exited with code 0.

Mean = 249.777 ns, StdErr = 7.655 ns (3.06%), N = 10, StdDev = 24.208 ns
Min = 185.130 ns, Q1 = 255.317 ns, Median = 259.230 ns, Q3 = 260.630 ns, Max = 265.067 ns
IQR = 5.313 ns, LowerFence = 247.348 ns, UpperFence = 268.600 ns
ConfidenceInterval = [213.177 ns; 286.376 ns] (CI 99.9%), Margin = 36.599 ns (14.65% of Mean)
Skewness = -1.86, Kurtosis = 5.14, MValue = 2

// ** Remained 7 (58.3%) benchmark(s) to run. Estimated finish 2026-05-19 20:40 (0h 1m from now) **
Setup power plan (GUID: 8c5e7fda-e8bf-4a96-9a85-a6e23a8c635c FriendlyName: High performance)
// **************************
// Benchmark: FireAndForgetBenchmarks.TryHandleFireAndForget: Job-XHKEKX(IterationCount=10, WarmupCount=3)
// *** Execute ***
// Launch: 1 / 1
// Execute: dotnet 62553e56-a646-4859-9f1a-e2eda66fa9b6.dll --anonymousPipes 1164 1416 --benchmarkName Chopsticks.Benchmarks.FireAndForgetBenchmarks.FiveHandlers_FireAndForget --job "IterationCount=10, WarmupCount=3" --benchmarkId 5 in A:\g\Chopsticks2\Native\Benchmarks\bin\Release\net9.0\62553e56-a646-4859-9f1a-e2eda66fa9b6\bin\Release\net9.0
// BeforeAnythingElse

// Benchmark Process Environment Information:
// BenchmarkDotNet v0.14.0
// Runtime=.NET 9.0.16 (9.0.1626.22923), X64 RyuJIT AVX2
// GC=Concurrent Workstation
// HardwareIntrinsics=AVX2,AES,BMI1,BMI2,FMA,LZCNT,PCLMUL,POPCNT,AvxVnni,SERIALIZE VectorSize=256
// Job: Job-ACZXOG(IterationCount=10, WarmupCount=3)

OverheadJitting  1: 1 op, 115000.00 ns, 115.0000 us/op
WorkloadJitting  1: 1 op, 585900.00 ns, 585.9000 us/op

OverheadJitting  2: 16 op, 133000.00 ns, 8.3125 us/op
WorkloadJitting  2: 16 op, 160400.00 ns, 10.0250 us/op

WorkloadPilot    1: 16 op, 5900.00 ns, 368.7500 ns/op
WorkloadPilot    2: 32 op, 6900.00 ns, 215.6250 ns/op
WorkloadPilot    3: 64 op, 14500.00 ns, 226.5625 ns/op
WorkloadPilot    4: 128 op, 27900.00 ns, 217.9688 ns/op
WorkloadPilot    5: 256 op, 54200.00 ns, 211.7188 ns/op
WorkloadPilot    6: 512 op, 103800.00 ns, 202.7344 ns/op
WorkloadPilot    7: 1024 op, 286100.00 ns, 279.3945 ns/op
WorkloadPilot    8: 2048 op, 479300.00 ns, 234.0332 ns/op
WorkloadPilot    9: 4096 op, 848200.00 ns, 207.0801 ns/op
WorkloadPilot   10: 8192 op, 1653300.00 ns, 201.8188 ns/op
WorkloadPilot   11: 16384 op, 3272100.00 ns, 199.7131 ns/op
WorkloadPilot   12: 32768 op, 6457800.00 ns, 197.0764 ns/op
WorkloadPilot   13: 65536 op, 22402500.00 ns, 341.8350 ns/op
WorkloadPilot   14: 131072 op, 46708200.00 ns, 356.3553 ns/op
WorkloadPilot   15: 262144 op, 90410400.00 ns, 344.8883 ns/op
WorkloadPilot   16: 524288 op, 148049200.00 ns, 282.3814 ns/op
WorkloadPilot   17: 1048576 op, 172683800.00 ns, 164.6841 ns/op
WorkloadPilot   18: 2097152 op, 302250300.00 ns, 144.1242 ns/op
WorkloadPilot   19: 4194304 op, 380721900.00 ns, 90.7712 ns/op
WorkloadPilot   20: 8388608 op, 762592900.00 ns, 90.9082 ns/op

OverheadWarmup   1: 8388608 op, 10938000.00 ns, 1.3039 ns/op
OverheadWarmup   2: 8388608 op, 11059200.00 ns, 1.3184 ns/op
OverheadWarmup   3: 8388608 op, 10890700.00 ns, 1.2983 ns/op
OverheadWarmup   4: 8388608 op, 11250800.00 ns, 1.3412 ns/op
OverheadWarmup   5: 8388608 op, 11208500.00 ns, 1.3362 ns/op

OverheadActual   1: 8388608 op, 11131200.00 ns, 1.3269 ns/op
OverheadActual   2: 8388608 op, 10963000.00 ns, 1.3069 ns/op
OverheadActual   3: 8388608 op, 10896400.00 ns, 1.2990 ns/op
OverheadActual   4: 8388608 op, 11290500.00 ns, 1.3459 ns/op
OverheadActual   5: 8388608 op, 11152800.00 ns, 1.3295 ns/op
OverheadActual   6: 8388608 op, 10930200.00 ns, 1.3030 ns/op
OverheadActual   7: 8388608 op, 19184100.00 ns, 2.2869 ns/op
OverheadActual   8: 8388608 op, 16511300.00 ns, 1.9683 ns/op
OverheadActual   9: 8388608 op, 20177100.00 ns, 2.4053 ns/op
OverheadActual  10: 8388608 op, 19614700.00 ns, 2.3383 ns/op
OverheadActual  11: 8388608 op, 16864000.00 ns, 2.0103 ns/op
OverheadActual  12: 8388608 op, 12348000.00 ns, 1.4720 ns/op
OverheadActual  13: 8388608 op, 11861900.00 ns, 1.4140 ns/op
OverheadActual  14: 8388608 op, 6782900.00 ns, 0.8086 ns/op
OverheadActual  15: 8388608 op, 6716800.00 ns, 0.8007 ns/op
OverheadActual  16: 8388608 op, 6740200.00 ns, 0.8035 ns/op
OverheadActual  17: 8388608 op, 6691600.00 ns, 0.7977 ns/op
OverheadActual  18: 8388608 op, 8036600.00 ns, 0.9580 ns/op
OverheadActual  19: 8388608 op, 11935800.00 ns, 1.4229 ns/op
OverheadActual  20: 8388608 op, 11589600.00 ns, 1.3816 ns/op

WorkloadWarmup   1: 8388608 op, 1040220500.00 ns, 124.0039 ns/op
WorkloadWarmup   2: 8388608 op, 997634700.00 ns, 118.9273 ns/op
WorkloadWarmup   3: 8388608 op, 748334200.00 ns, 89.2084 ns/op

// BeforeActualRun
WorkloadActual   1: 8388608 op, 828348400.00 ns, 98.7468 ns/op
WorkloadActual   2: 8388608 op, 824358600.00 ns, 98.2712 ns/op
WorkloadActual   3: 8388608 op, 827465300.00 ns, 98.6416 ns/op
WorkloadActual   4: 8388608 op, 826462100.00 ns, 98.5220 ns/op
WorkloadActual   5: 8388608 op, 1050692500.00 ns, 125.2523 ns/op
WorkloadActual   6: 8388608 op, 823050000.00 ns, 98.1152 ns/op
WorkloadActual   7: 8388608 op, 824060600.00 ns, 98.2357 ns/op
WorkloadActual   8: 8388608 op, 824310800.00 ns, 98.2655 ns/op
WorkloadActual   9: 8388608 op, 1204616000.00 ns, 143.6014 ns/op
WorkloadActual  10: 8388608 op, 823515500.00 ns, 98.1707 ns/op

// AfterActualRun
WorkloadResult   1: 8388608 op, 817126750.00 ns, 97.4091 ns/op
WorkloadResult   2: 8388608 op, 813136950.00 ns, 96.9335 ns/op
WorkloadResult   3: 8388608 op, 816243650.00 ns, 97.3038 ns/op
WorkloadResult   4: 8388608 op, 815240450.00 ns, 97.1842 ns/op
WorkloadResult   5: 8388608 op, 811828350.00 ns, 96.7775 ns/op
WorkloadResult   6: 8388608 op, 812838950.00 ns, 96.8980 ns/op
WorkloadResult   7: 8388608 op, 813089150.00 ns, 96.9278 ns/op
WorkloadResult   8: 8388608 op, 812293850.00 ns, 96.8330 ns/op
// GC:  0 0 0 400 8388608
// Threading:  0 0 8388608

// AfterAll
// Benchmark Process 55432 has exited with code 0.

Mean = 97.033 ns, StdErr = 0.083 ns (0.09%), N = 8, StdDev = 0.234 ns
Min = 96.777 ns, Q1 = 96.882 ns, Median = 96.931 ns, Q3 = 97.214 ns, Max = 97.409 ns
IQR = 0.332 ns, LowerFence = 96.383 ns, UpperFence = 97.713 ns
ConfidenceInterval = [96.587 ns; 97.480 ns] (CI 99.9%), Margin = 0.447 ns (0.46% of Mean)
Skewness = 0.46, Kurtosis = 1.35, MValue = 2

// ** Remained 6 (50.0%) benchmark(s) to run. Estimated finish 2026-05-19 20:40 (0h 1m from now) **
Setup power plan (GUID: 8c5e7fda-e8bf-4a96-9a85-a6e23a8c635c FriendlyName: High performance)
// **************************
// Benchmark: FireAndForgetBenchmarks.HandleSync: Job-XHKEKX(IterationCount=10, WarmupCount=3)
// *** Execute ***
// Launch: 1 / 1
// Execute: dotnet 62553e56-a646-4859-9f1a-e2eda66fa9b6.dll --anonymousPipes 1464 1436 --benchmarkName Chopsticks.Benchmarks.FireAndForgetBenchmarks.FiveHandlers_HandleSync --job "IterationCount=10, WarmupCount=3" --benchmarkId 6 in A:\g\Chopsticks2\Native\Benchmarks\bin\Release\net9.0\62553e56-a646-4859-9f1a-e2eda66fa9b6\bin\Release\net9.0
// BeforeAnythingElse

// Benchmark Process Environment Information:
// BenchmarkDotNet v0.14.0
// Runtime=.NET 9.0.16 (9.0.1626.22923), X64 RyuJIT AVX2
// GC=Concurrent Workstation
// HardwareIntrinsics=AVX2,AES,BMI1,BMI2,FMA,LZCNT,PCLMUL,POPCNT,AvxVnni,SERIALIZE VectorSize=256
// Job: Job-CQOTXP(IterationCount=10, WarmupCount=3)

OverheadJitting  1: 1 op, 138300.00 ns, 138.3000 us/op
WorkloadJitting  1: 1 op, 886800.00 ns, 886.8000 us/op

OverheadJitting  2: 16 op, 217600.00 ns, 13.6000 us/op
WorkloadJitting  2: 16 op, 173100.00 ns, 10.8188 us/op

WorkloadPilot    1: 16 op, 4700.00 ns, 293.7500 ns/op
WorkloadPilot    2: 32 op, 8200.00 ns, 256.2500 ns/op
WorkloadPilot    3: 64 op, 13800.00 ns, 215.6250 ns/op
WorkloadPilot    4: 128 op, 26100.00 ns, 203.9063 ns/op
WorkloadPilot    5: 256 op, 51000.00 ns, 199.2188 ns/op
WorkloadPilot    6: 512 op, 99900.00 ns, 195.1172 ns/op
WorkloadPilot    7: 1024 op, 214600.00 ns, 209.5703 ns/op
WorkloadPilot    8: 2048 op, 837000.00 ns, 408.6914 ns/op
WorkloadPilot    9: 4096 op, 1276200.00 ns, 311.5723 ns/op
WorkloadPilot   10: 8192 op, 2831700.00 ns, 345.6665 ns/op
WorkloadPilot   11: 16384 op, 4165100.00 ns, 254.2175 ns/op
WorkloadPilot   12: 32768 op, 11053500.00 ns, 337.3260 ns/op
WorkloadPilot   13: 65536 op, 21519700.00 ns, 328.3646 ns/op
WorkloadPilot   14: 131072 op, 42357400.00 ns, 323.1613 ns/op
WorkloadPilot   15: 262144 op, 86059900.00 ns, 328.2925 ns/op
WorkloadPilot   16: 524288 op, 153312300.00 ns, 292.4200 ns/op
WorkloadPilot   17: 1048576 op, 160081200.00 ns, 152.6653 ns/op
WorkloadPilot   18: 2097152 op, 275840600.00 ns, 131.5310 ns/op
WorkloadPilot   19: 4194304 op, 353769000.00 ns, 84.3451 ns/op
WorkloadPilot   20: 8388608 op, 705812800.00 ns, 84.1394 ns/op

OverheadWarmup   1: 8388608 op, 19352800.00 ns, 2.3070 ns/op
OverheadWarmup   2: 8388608 op, 22203400.00 ns, 2.6469 ns/op
OverheadWarmup   3: 8388608 op, 18339200.00 ns, 2.1862 ns/op
OverheadWarmup   4: 8388608 op, 17812100.00 ns, 2.1234 ns/op
OverheadWarmup   5: 8388608 op, 16596200.00 ns, 1.9784 ns/op
OverheadWarmup   6: 8388608 op, 20053000.00 ns, 2.3905 ns/op
OverheadWarmup   7: 8388608 op, 12116400.00 ns, 1.4444 ns/op

OverheadActual   1: 8388608 op, 12173800.00 ns, 1.4512 ns/op
OverheadActual   2: 8388608 op, 11748400.00 ns, 1.4005 ns/op
OverheadActual   3: 8388608 op, 11626400.00 ns, 1.3860 ns/op
OverheadActual   4: 8388608 op, 11253900.00 ns, 1.3416 ns/op
OverheadActual   5: 8388608 op, 11323500.00 ns, 1.3499 ns/op
OverheadActual   6: 8388608 op, 11584100.00 ns, 1.3809 ns/op
OverheadActual   7: 8388608 op, 11491900.00 ns, 1.3699 ns/op
OverheadActual   8: 8388608 op, 11181900.00 ns, 1.3330 ns/op
OverheadActual   9: 8388608 op, 23883700.00 ns, 2.8472 ns/op
OverheadActual  10: 8388608 op, 25735300.00 ns, 3.0679 ns/op
OverheadActual  11: 8388608 op, 15750700.00 ns, 1.8776 ns/op
OverheadActual  12: 8388608 op, 20926100.00 ns, 2.4946 ns/op
OverheadActual  13: 8388608 op, 17140500.00 ns, 2.0433 ns/op
OverheadActual  14: 8388608 op, 8303500.00 ns, 0.9899 ns/op
OverheadActual  15: 8388608 op, 13892600.00 ns, 1.6561 ns/op
OverheadActual  16: 8388608 op, 7187300.00 ns, 0.8568 ns/op
OverheadActual  17: 8388608 op, 7213600.00 ns, 0.8599 ns/op
OverheadActual  18: 8388608 op, 6914200.00 ns, 0.8242 ns/op
OverheadActual  19: 8388608 op, 7877700.00 ns, 0.9391 ns/op
OverheadActual  20: 8388608 op, 7234700.00 ns, 0.8624 ns/op

WorkloadWarmup   1: 8388608 op, 1195573800.00 ns, 142.5235 ns/op
WorkloadWarmup   2: 8388608 op, 707874100.00 ns, 84.3852 ns/op
WorkloadWarmup   3: 8388608 op, 708855700.00 ns, 84.5022 ns/op

// BeforeActualRun
WorkloadActual   1: 8388608 op, 723570600.00 ns, 86.2563 ns/op
WorkloadActual   2: 8388608 op, 721911200.00 ns, 86.0585 ns/op
WorkloadActual   3: 8388608 op, 722355900.00 ns, 86.1115 ns/op
WorkloadActual   4: 8388608 op, 721157300.00 ns, 85.9686 ns/op
WorkloadActual   5: 8388608 op, 735038100.00 ns, 87.6234 ns/op
WorkloadActual   6: 8388608 op, 720031800.00 ns, 85.8345 ns/op
WorkloadActual   7: 8388608 op, 1028302600.00 ns, 122.5832 ns/op
WorkloadActual   8: 8388608 op, 948956900.00 ns, 113.1245 ns/op
WorkloadActual   9: 8388608 op, 721113000.00 ns, 85.9634 ns/op
WorkloadActual  10: 8388608 op, 1057415300.00 ns, 126.0537 ns/op

// AfterActualRun
WorkloadResult   1: 8388608 op, 712032600.00 ns, 84.8809 ns/op
WorkloadResult   2: 8388608 op, 710373200.00 ns, 84.6831 ns/op
WorkloadResult   3: 8388608 op, 710817900.00 ns, 84.7361 ns/op
WorkloadResult   4: 8388608 op, 709619300.00 ns, 84.5932 ns/op
WorkloadResult   5: 8388608 op, 723500100.00 ns, 86.2479 ns/op
WorkloadResult   6: 8388608 op, 708493800.00 ns, 84.4590 ns/op
WorkloadResult   7: 8388608 op, 1016764600.00 ns, 121.2078 ns/op
WorkloadResult   8: 8388608 op, 937418900.00 ns, 111.7490 ns/op
WorkloadResult   9: 8388608 op, 709575000.00 ns, 84.5879 ns/op
WorkloadResult  10: 8388608 op, 1045877300.00 ns, 124.6783 ns/op
// GC:  0 0 0 400 8388608
// Threading:  0 0 8388608

// AfterAll
// Benchmark Process 59804 has exited with code 0.

Mean = 95.182 ns, StdErr = 5.340 ns (5.61%), N = 10, StdDev = 16.887 ns
Min = 84.459 ns, Q1 = 84.616 ns, Median = 84.808 ns, Q3 = 105.374 ns, Max = 124.678 ns
IQR = 20.758 ns, LowerFence = 53.479 ns, UpperFence = 136.511 ns
ConfidenceInterval = [69.652 ns; 120.713 ns] (CI 99.9%), Margin = 25.530 ns (26.82% of Mean)
Skewness = 0.83, Kurtosis = 1.69, MValue = 2.86

// ** Remained 5 (41.7%) benchmark(s) to run. Estimated finish 2026-05-19 20:40 (0h 1m from now) **
Setup power plan (GUID: 8c5e7fda-e8bf-4a96-9a85-a6e23a8c635c FriendlyName: High performance)
// **************************
// Benchmark: FireAndForgetBenchmarks.'TryHandle (consumed)': Job-XHKEKX(IterationCount=10, WarmupCount=3)
// *** Execute ***
// Launch: 1 / 1
// Execute: dotnet 62553e56-a646-4859-9f1a-e2eda66fa9b6.dll --anonymousPipes 1496 1500 --benchmarkName Chopsticks.Benchmarks.FireAndForgetBenchmarks.FiveHandlers_TryHandle_Consumed --job "IterationCount=10, WarmupCount=3" --benchmarkId 7 in A:\g\Chopsticks2\Native\Benchmarks\bin\Release\net9.0\62553e56-a646-4859-9f1a-e2eda66fa9b6\bin\Release\net9.0
// BeforeAnythingElse

// Benchmark Process Environment Information:
// BenchmarkDotNet v0.14.0
// Runtime=.NET 9.0.16 (9.0.1626.22923), X64 RyuJIT AVX2
// GC=Concurrent Workstation
// HardwareIntrinsics=AVX2,AES,BMI1,BMI2,FMA,LZCNT,PCLMUL,POPCNT,AvxVnni,SERIALIZE VectorSize=256
// Job: Job-PZXVFF(IterationCount=10, WarmupCount=3)

OverheadJitting  1: 1 op, 180600.00 ns, 180.6000 us/op
WorkloadJitting  1: 1 op, 2649900.00 ns, 2.6499 ms/op

OverheadJitting  2: 16 op, 167800.00 ns, 10.4875 us/op
WorkloadJitting  2: 16 op, 243300.00 ns, 15.2063 us/op

WorkloadPilot    1: 16 op, 13600.00 ns, 850.0000 ns/op
WorkloadPilot    2: 32 op, 36600.00 ns, 1.1438 us/op
WorkloadPilot    3: 64 op, 39800.00 ns, 621.8750 ns/op
WorkloadPilot    4: 128 op, 48900.00 ns, 382.0313 ns/op
WorkloadPilot    5: 256 op, 92700.00 ns, 362.1094 ns/op
WorkloadPilot    6: 512 op, 176100.00 ns, 343.9453 ns/op
WorkloadPilot    7: 1024 op, 364000.00 ns, 355.4688 ns/op
WorkloadPilot    8: 2048 op, 741600.00 ns, 362.1094 ns/op
WorkloadPilot    9: 4096 op, 1404800.00 ns, 342.9688 ns/op
WorkloadPilot   10: 8192 op, 2892200.00 ns, 353.0518 ns/op
WorkloadPilot   11: 16384 op, 5336400.00 ns, 325.7080 ns/op
WorkloadPilot   12: 32768 op, 10594700.00 ns, 323.3246 ns/op
WorkloadPilot   13: 65536 op, 20883700.00 ns, 318.6600 ns/op
WorkloadPilot   14: 131072 op, 41996900.00 ns, 320.4109 ns/op
WorkloadPilot   15: 262144 op, 82819500.00 ns, 315.9313 ns/op
WorkloadPilot   16: 524288 op, 221262700.00 ns, 422.0251 ns/op
WorkloadPilot   17: 1048576 op, 348592200.00 ns, 332.4434 ns/op
WorkloadPilot   18: 2097152 op, 650107800.00 ns, 309.9956 ns/op

OverheadWarmup   1: 2097152 op, 2845800.00 ns, 1.3570 ns/op
OverheadWarmup   2: 2097152 op, 3573000.00 ns, 1.7037 ns/op
OverheadWarmup   3: 2097152 op, 4426100.00 ns, 2.1105 ns/op
OverheadWarmup   4: 2097152 op, 3020100.00 ns, 1.4401 ns/op
OverheadWarmup   5: 2097152 op, 2899300.00 ns, 1.3825 ns/op
OverheadWarmup   6: 2097152 op, 2868000.00 ns, 1.3676 ns/op
OverheadWarmup   7: 2097152 op, 2784500.00 ns, 1.3278 ns/op
OverheadWarmup   8: 2097152 op, 2823800.00 ns, 1.3465 ns/op
OverheadWarmup   9: 2097152 op, 2798900.00 ns, 1.3346 ns/op

OverheadActual   1: 2097152 op, 2892300.00 ns, 1.3792 ns/op
OverheadActual   2: 2097152 op, 2811600.00 ns, 1.3407 ns/op
OverheadActual   3: 2097152 op, 2756000.00 ns, 1.3142 ns/op
OverheadActual   4: 2097152 op, 2764700.00 ns, 1.3183 ns/op
OverheadActual   5: 2097152 op, 2813600.00 ns, 1.3416 ns/op
OverheadActual   6: 2097152 op, 2880900.00 ns, 1.3737 ns/op
OverheadActual   7: 2097152 op, 2746600.00 ns, 1.3097 ns/op
OverheadActual   8: 2097152 op, 2819800.00 ns, 1.3446 ns/op
OverheadActual   9: 2097152 op, 2856900.00 ns, 1.3623 ns/op
OverheadActual  10: 2097152 op, 2841400.00 ns, 1.3549 ns/op
OverheadActual  11: 2097152 op, 2796500.00 ns, 1.3335 ns/op
OverheadActual  12: 2097152 op, 2829400.00 ns, 1.3492 ns/op
OverheadActual  13: 2097152 op, 2747600.00 ns, 1.3102 ns/op
OverheadActual  14: 2097152 op, 2832900.00 ns, 1.3508 ns/op
OverheadActual  15: 2097152 op, 2903200.00 ns, 1.3844 ns/op

WorkloadWarmup   1: 2097152 op, 643408100.00 ns, 306.8009 ns/op
WorkloadWarmup   2: 2097152 op, 426899400.00 ns, 203.5615 ns/op
WorkloadWarmup   3: 2097152 op, 621173700.00 ns, 296.1987 ns/op

// BeforeActualRun
WorkloadActual   1: 2097152 op, 681696300.00 ns, 325.0581 ns/op
WorkloadActual   2: 2097152 op, 540643500.00 ns, 257.7989 ns/op
WorkloadActual   3: 2097152 op, 465237300.00 ns, 221.8424 ns/op
WorkloadActual   4: 2097152 op, 465356200.00 ns, 221.8991 ns/op
WorkloadActual   5: 2097152 op, 466625800.00 ns, 222.5045 ns/op
WorkloadActual   6: 2097152 op, 464967900.00 ns, 221.7140 ns/op
WorkloadActual   7: 2097152 op, 465468400.00 ns, 221.9526 ns/op
WorkloadActual   8: 2097152 op, 466128900.00 ns, 222.2676 ns/op
WorkloadActual   9: 2097152 op, 464809400.00 ns, 221.6384 ns/op
WorkloadActual  10: 2097152 op, 660655200.00 ns, 315.0249 ns/op

// AfterActualRun
WorkloadResult   1: 2097152 op, 537823700.00 ns, 256.4543 ns/op
WorkloadResult   2: 2097152 op, 462417500.00 ns, 220.4978 ns/op
WorkloadResult   3: 2097152 op, 462536400.00 ns, 220.5545 ns/op
WorkloadResult   4: 2097152 op, 463806000.00 ns, 221.1599 ns/op
WorkloadResult   5: 2097152 op, 462148100.00 ns, 220.3694 ns/op
WorkloadResult   6: 2097152 op, 462648600.00 ns, 220.6080 ns/op
WorkloadResult   7: 2097152 op, 463309100.00 ns, 220.9230 ns/op
WorkloadResult   8: 2097152 op, 461989600.00 ns, 220.2938 ns/op
// GC:  0 0 0 400 2097152
// Threading:  0 0 2097152

// AfterAll
// Benchmark Process 63704 has exited with code 0.

Mean = 225.108 ns, StdErr = 4.479 ns (1.99%), N = 8, StdDev = 12.669 ns
Min = 220.294 ns, Q1 = 220.466 ns, Median = 220.581 ns, Q3 = 220.982 ns, Max = 256.454 ns
IQR = 0.516 ns, LowerFence = 219.691 ns, UpperFence = 221.757 ns
ConfidenceInterval = [200.884 ns; 249.331 ns] (CI 99.9%), Margin = 24.223 ns (10.76% of Mean)
Skewness = 1.85, Kurtosis = 4.7, MValue = 2

// ** Remained 4 (33.3%) benchmark(s) to run. Estimated finish 2026-05-19 20:40 (0h 0m from now) **
Setup power plan (GUID: 8c5e7fda-e8bf-4a96-9a85-a6e23a8c635c FriendlyName: High performance)
// **************************
// Benchmark: FireAndForgetBenchmarks.'TryHandle (unconsumed) x1000': Job-XHKEKX(IterationCount=10, WarmupCount=3)
// *** Execute ***
// Launch: 1 / 1
// Execute: dotnet 62553e56-a646-4859-9f1a-e2eda66fa9b6.dll --anonymousPipes 1496 1500 --benchmarkName Chopsticks.Benchmarks.FireAndForgetBenchmarks.Throughput_TryHandle_Unconsumed --job "IterationCount=10, WarmupCount=3" --benchmarkId 8 in A:\g\Chopsticks2\Native\Benchmarks\bin\Release\net9.0\62553e56-a646-4859-9f1a-e2eda66fa9b6\bin\Release\net9.0
// BeforeAnythingElse

// Benchmark Process Environment Information:
// BenchmarkDotNet v0.14.0
// Runtime=.NET 9.0.16 (9.0.1626.22923), X64 RyuJIT AVX2
// GC=Concurrent Workstation
// HardwareIntrinsics=AVX2,AES,BMI1,BMI2,FMA,LZCNT,PCLMUL,POPCNT,AvxVnni,SERIALIZE VectorSize=256
// Job: Job-CKKMEV(IterationCount=10, WarmupCount=3)

OverheadJitting  1: 1 op, 185300.00 ns, 185.3000 us/op
WorkloadJitting  1: 1 op, 2719700.00 ns, 2.7197 ms/op

OverheadJitting  2: 16 op, 173900.00 ns, 10.8688 us/op
WorkloadJitting  2: 16 op, 7413500.00 ns, 463.3438 us/op

WorkloadPilot    1: 16 op, 6037200.00 ns, 377.3250 us/op
WorkloadPilot    2: 32 op, 11235700.00 ns, 351.1156 us/op
WorkloadPilot    3: 64 op, 23603700.00 ns, 368.8078 us/op
WorkloadPilot    4: 128 op, 76730200.00 ns, 599.4547 us/op
WorkloadPilot    5: 256 op, 105729500.00 ns, 413.0059 us/op
WorkloadPilot    6: 512 op, 92776300.00 ns, 181.2037 us/op
WorkloadPilot    7: 1024 op, 177814600.00 ns, 173.6471 us/op
WorkloadPilot    8: 2048 op, 356008900.00 ns, 173.8325 us/op
WorkloadPilot    9: 4096 op, 710837900.00 ns, 173.5444 us/op

OverheadWarmup   1: 4096 op, 6800.00 ns, 1.6602 ns/op
OverheadWarmup   2: 4096 op, 5500.00 ns, 1.3428 ns/op
OverheadWarmup   3: 4096 op, 6000.00 ns, 1.4648 ns/op
OverheadWarmup   4: 4096 op, 5700.00 ns, 1.3916 ns/op
OverheadWarmup   5: 4096 op, 5900.00 ns, 1.4404 ns/op
OverheadWarmup   6: 4096 op, 5300.00 ns, 1.2939 ns/op

OverheadActual   1: 4096 op, 7400.00 ns, 1.8066 ns/op
OverheadActual   2: 4096 op, 5800.00 ns, 1.4160 ns/op
OverheadActual   3: 4096 op, 7100.00 ns, 1.7334 ns/op
OverheadActual   4: 4096 op, 6000.00 ns, 1.4648 ns/op
OverheadActual   5: 4096 op, 5500.00 ns, 1.3428 ns/op
OverheadActual   6: 4096 op, 5400.00 ns, 1.3184 ns/op
OverheadActual   7: 4096 op, 5600.00 ns, 1.3672 ns/op
OverheadActual   8: 4096 op, 5900.00 ns, 1.4404 ns/op
OverheadActual   9: 4096 op, 5600.00 ns, 1.3672 ns/op
OverheadActual  10: 4096 op, 5400.00 ns, 1.3184 ns/op
OverheadActual  11: 4096 op, 5400.00 ns, 1.3184 ns/op
OverheadActual  12: 4096 op, 5600.00 ns, 1.3672 ns/op
OverheadActual  13: 4096 op, 5400.00 ns, 1.3184 ns/op
OverheadActual  14: 4096 op, 5500.00 ns, 1.3428 ns/op
OverheadActual  15: 4096 op, 7500.00 ns, 1.8311 ns/op

WorkloadWarmup   1: 4096 op, 716651400.00 ns, 174.9637 us/op
WorkloadWarmup   2: 4096 op, 717442300.00 ns, 175.1568 us/op
WorkloadWarmup   3: 4096 op, 710511700.00 ns, 173.4648 us/op

// BeforeActualRun
WorkloadActual   1: 4096 op, 1050173300.00 ns, 256.3900 us/op
WorkloadActual   2: 4096 op, 689684200.00 ns, 168.3799 us/op
WorkloadActual   3: 4096 op, 850974400.00 ns, 207.7574 us/op
WorkloadActual   4: 4096 op, 868844000.00 ns, 212.1201 us/op
WorkloadActual   5: 4096 op, 688062600.00 ns, 167.9840 us/op
WorkloadActual   6: 4096 op, 688181100.00 ns, 168.0130 us/op
WorkloadActual   7: 4096 op, 686950600.00 ns, 167.7125 us/op
WorkloadActual   8: 4096 op, 688817500.00 ns, 168.1683 us/op
WorkloadActual   9: 4096 op, 687624200.00 ns, 167.8770 us/op
WorkloadActual  10: 4096 op, 1044728500.00 ns, 255.0607 us/op

// AfterActualRun
WorkloadResult   1: 4096 op, 1050167700.00 ns, 256.3886 us/op
WorkloadResult   2: 4096 op, 689678600.00 ns, 168.3786 us/op
WorkloadResult   3: 4096 op, 850968800.00 ns, 207.7561 us/op
WorkloadResult   4: 4096 op, 868838400.00 ns, 212.1188 us/op
WorkloadResult   5: 4096 op, 688057000.00 ns, 167.9827 us/op
WorkloadResult   6: 4096 op, 688175500.00 ns, 168.0116 us/op
WorkloadResult   7: 4096 op, 686945000.00 ns, 167.7112 us/op
WorkloadResult   8: 4096 op, 688811900.00 ns, 168.1670 us/op
WorkloadResult   9: 4096 op, 687618600.00 ns, 167.8756 us/op
WorkloadResult  10: 4096 op, 1044722900.00 ns, 255.0593 us/op
// GC:  66 0 0 1245184400 4096
// Threading:  0 0 4096

// AfterAll
// Benchmark Process 11140 has exited with code 0.

Mean = 193.945 μs, StdErr = 11.637 μs (6.00%), N = 10, StdDev = 36.799 μs
Min = 167.711 μs, Q1 = 167.990 μs, Median = 168.273 μs, Q3 = 211.028 μs, Max = 256.389 μs
IQR = 43.038 μs, LowerFence = 103.433 μs, UpperFence = 275.585 μs
ConfidenceInterval = [138.310 μs; 249.580 μs] (CI 99.9%), Margin = 55.635 μs (28.69% of Mean)
Skewness = 0.75, Kurtosis = 1.75, MValue = 2.5

// ** Remained 3 (25.0%) benchmark(s) to run. Estimated finish 2026-05-19 20:40 (0h 0m from now) **
Setup power plan (GUID: 8c5e7fda-e8bf-4a96-9a85-a6e23a8c635c FriendlyName: High performance)
// **************************
// Benchmark: FireAndForgetBenchmarks.'TryHandleFireAndForget x1000': Job-XHKEKX(IterationCount=10, WarmupCount=3)
// *** Execute ***
// Launch: 1 / 1
// Execute: dotnet 62553e56-a646-4859-9f1a-e2eda66fa9b6.dll --anonymousPipes 1436 1464 --benchmarkName Chopsticks.Benchmarks.FireAndForgetBenchmarks.Throughput_FireAndForget --job "IterationCount=10, WarmupCount=3" --benchmarkId 9 in A:\g\Chopsticks2\Native\Benchmarks\bin\Release\net9.0\62553e56-a646-4859-9f1a-e2eda66fa9b6\bin\Release\net9.0
// BeforeAnythingElse

// Benchmark Process Environment Information:
// BenchmarkDotNet v0.14.0
// Runtime=.NET 9.0.16 (9.0.1626.22923), X64 RyuJIT AVX2
// GC=Concurrent Workstation
// HardwareIntrinsics=AVX2,AES,BMI1,BMI2,FMA,LZCNT,PCLMUL,POPCNT,AvxVnni,SERIALIZE VectorSize=256
// Job: Job-GDVQDA(IterationCount=10, WarmupCount=3)

OverheadJitting  1: 1 op, 116600.00 ns, 116.6000 us/op
WorkloadJitting  1: 1 op, 815600.00 ns, 815.6000 us/op

OverheadJitting  2: 16 op, 107200.00 ns, 6.7000 us/op
WorkloadJitting  2: 16 op, 3743700.00 ns, 233.9813 us/op

WorkloadPilot    1: 16 op, 3230100.00 ns, 201.8813 us/op
WorkloadPilot    2: 32 op, 6208400.00 ns, 194.0125 us/op
WorkloadPilot    3: 64 op, 12433800.00 ns, 194.2781 us/op
WorkloadPilot    4: 128 op, 24527000.00 ns, 191.6172 us/op
WorkloadPilot    5: 256 op, 88722600.00 ns, 346.5727 us/op
WorkloadPilot    6: 512 op, 137641100.00 ns, 268.8303 us/op
WorkloadPilot    7: 1024 op, 124781300.00 ns, 121.8567 us/op
WorkloadPilot    8: 2048 op, 179623300.00 ns, 87.7067 us/op
WorkloadPilot    9: 4096 op, 358797200.00 ns, 87.5970 us/op
WorkloadPilot   10: 8192 op, 717784600.00 ns, 87.6202 us/op

OverheadWarmup   1: 8192 op, 11500.00 ns, 1.4038 ns/op
OverheadWarmup   2: 8192 op, 11100.00 ns, 1.3550 ns/op
OverheadWarmup   3: 8192 op, 10700.00 ns, 1.3062 ns/op
OverheadWarmup   4: 8192 op, 11100.00 ns, 1.3550 ns/op
OverheadWarmup   5: 8192 op, 11200.00 ns, 1.3672 ns/op
OverheadWarmup   6: 8192 op, 12300.00 ns, 1.5015 ns/op
OverheadWarmup   7: 8192 op, 11400.00 ns, 1.3916 ns/op
OverheadWarmup   8: 8192 op, 9200.00 ns, 1.1230 ns/op
OverheadWarmup   9: 8192 op, 11400.00 ns, 1.3916 ns/op
OverheadWarmup  10: 8192 op, 10400.00 ns, 1.2695 ns/op

OverheadActual   1: 8192 op, 10800.00 ns, 1.3184 ns/op
OverheadActual   2: 8192 op, 10400.00 ns, 1.2695 ns/op
OverheadActual   3: 8192 op, 10500.00 ns, 1.2817 ns/op
OverheadActual   4: 8192 op, 11200.00 ns, 1.3672 ns/op
OverheadActual   5: 8192 op, 11400.00 ns, 1.3916 ns/op
OverheadActual   6: 8192 op, 10800.00 ns, 1.3184 ns/op
OverheadActual   7: 8192 op, 11200.00 ns, 1.3672 ns/op
OverheadActual   8: 8192 op, 14600.00 ns, 1.7822 ns/op
OverheadActual   9: 8192 op, 10500.00 ns, 1.2817 ns/op
OverheadActual  10: 8192 op, 10800.00 ns, 1.3184 ns/op
OverheadActual  11: 8192 op, 12000.00 ns, 1.4648 ns/op
OverheadActual  12: 8192 op, 10600.00 ns, 1.2939 ns/op
OverheadActual  13: 8192 op, 13700.00 ns, 1.6724 ns/op
OverheadActual  14: 8192 op, 11400.00 ns, 1.3916 ns/op
OverheadActual  15: 8192 op, 17600.00 ns, 2.1484 ns/op
OverheadActual  16: 8192 op, 12600.00 ns, 1.5381 ns/op
OverheadActual  17: 8192 op, 13700.00 ns, 1.6724 ns/op
OverheadActual  18: 8192 op, 15100.00 ns, 1.8433 ns/op
OverheadActual  19: 8192 op, 11000.00 ns, 1.3428 ns/op
OverheadActual  20: 8192 op, 10600.00 ns, 1.2939 ns/op

WorkloadWarmup   1: 8192 op, 718674200.00 ns, 87.7288 us/op
WorkloadWarmup   2: 8192 op, 731002900.00 ns, 89.2338 us/op
WorkloadWarmup   3: 8192 op, 730721300.00 ns, 89.1994 us/op

// BeforeActualRun
WorkloadActual   1: 8192 op, 748587200.00 ns, 91.3803 us/op
WorkloadActual   2: 8192 op, 748325300.00 ns, 91.3483 us/op
WorkloadActual   3: 8192 op, 747980000.00 ns, 91.3062 us/op
WorkloadActual   4: 8192 op, 747598900.00 ns, 91.2596 us/op
WorkloadActual   5: 8192 op, 931735300.00 ns, 113.7372 us/op
WorkloadActual   6: 8192 op, 749050500.00 ns, 91.4368 us/op
WorkloadActual   7: 8192 op, 919265400.00 ns, 112.2150 us/op
WorkloadActual   8: 8192 op, 749335500.00 ns, 91.4716 us/op
WorkloadActual   9: 8192 op, 750033900.00 ns, 91.5569 us/op
WorkloadActual  10: 8192 op, 752394500.00 ns, 91.8450 us/op

// AfterActualRun
WorkloadResult   1: 8192 op, 748576000.00 ns, 91.3789 us/op
WorkloadResult   2: 8192 op, 748314100.00 ns, 91.3469 us/op
WorkloadResult   3: 8192 op, 747968800.00 ns, 91.3048 us/op
WorkloadResult   4: 8192 op, 747587700.00 ns, 91.2583 us/op
WorkloadResult   5: 8192 op, 749039300.00 ns, 91.4355 us/op
WorkloadResult   6: 8192 op, 749324300.00 ns, 91.4703 us/op
WorkloadResult   7: 8192 op, 750022700.00 ns, 91.5555 us/op
WorkloadResult   8: 8192 op, 752383300.00 ns, 91.8437 us/op
// GC:  0 0 0 400 8192
// Threading:  0 0 8192

// AfterAll
// Benchmark Process 79624 has exited with code 0.

Mean = 91.449 μs, StdErr = 0.065 μs (0.07%), N = 8, StdDev = 0.185 μs
Min = 91.258 μs, Q1 = 91.336 μs, Median = 91.407 μs, Q3 = 91.492 μs, Max = 91.844 μs
IQR = 0.155 μs, LowerFence = 91.104 μs, UpperFence = 91.724 μs
ConfidenceInterval = [91.095 μs; 91.803 μs] (CI 99.9%), Margin = 0.354 μs (0.39% of Mean)
Skewness = 1.01, Kurtosis = 2.78, MValue = 2

// ** Remained 2 (16.7%) benchmark(s) to run. Estimated finish 2026-05-19 20:40 (0h 0m from now) **
Setup power plan (GUID: 8c5e7fda-e8bf-4a96-9a85-a6e23a8c635c FriendlyName: High performance)
// **************************
// Benchmark: FireAndForgetBenchmarks.'HandleSync x1000': Job-XHKEKX(IterationCount=10, WarmupCount=3)
// *** Execute ***
// Launch: 1 / 1
// Execute: dotnet 62553e56-a646-4859-9f1a-e2eda66fa9b6.dll --anonymousPipes 1504 1508 --benchmarkName Chopsticks.Benchmarks.FireAndForgetBenchmarks.Throughput_HandleSync --job "IterationCount=10, WarmupCount=3" --benchmarkId 10 in A:\g\Chopsticks2\Native\Benchmarks\bin\Release\net9.0\62553e56-a646-4859-9f1a-e2eda66fa9b6\bin\Release\net9.0
// BeforeAnythingElse

// Benchmark Process Environment Information:
// BenchmarkDotNet v0.14.0
// Runtime=.NET 9.0.16 (9.0.1626.22923), X64 RyuJIT AVX2
// GC=Concurrent Workstation
// HardwareIntrinsics=AVX2,AES,BMI1,BMI2,FMA,LZCNT,PCLMUL,POPCNT,AvxVnni,SERIALIZE VectorSize=256
// Job: Job-UQJRVO(IterationCount=10, WarmupCount=3)

OverheadJitting  1: 1 op, 150500.00 ns, 150.5000 us/op
WorkloadJitting  1: 1 op, 1096800.00 ns, 1.0968 ms/op

OverheadJitting  2: 16 op, 199400.00 ns, 12.4625 us/op
WorkloadJitting  2: 16 op, 3907900.00 ns, 244.2438 us/op

WorkloadPilot    1: 16 op, 3319900.00 ns, 207.4938 us/op
WorkloadPilot    2: 32 op, 6320400.00 ns, 197.5125 us/op
WorkloadPilot    3: 64 op, 12311400.00 ns, 192.3656 us/op
WorkloadPilot    4: 128 op, 39991900.00 ns, 312.4367 us/op
WorkloadPilot    5: 256 op, 85069200.00 ns, 332.3016 us/op
WorkloadPilot    6: 512 op, 120456400.00 ns, 235.2664 us/op
WorkloadPilot    7: 1024 op, 143298800.00 ns, 139.9402 us/op
WorkloadPilot    8: 2048 op, 286738500.00 ns, 140.0090 us/op
WorkloadPilot    9: 4096 op, 419886000.00 ns, 102.5112 us/op
WorkloadPilot   10: 8192 op, 766463000.00 ns, 93.5624 us/op

OverheadWarmup   1: 8192 op, 12500.00 ns, 1.5259 ns/op
OverheadWarmup   2: 8192 op, 11500.00 ns, 1.4038 ns/op
OverheadWarmup   3: 8192 op, 11300.00 ns, 1.3794 ns/op
OverheadWarmup   4: 8192 op, 12200.00 ns, 1.4893 ns/op
OverheadWarmup   5: 8192 op, 11500.00 ns, 1.4038 ns/op
OverheadWarmup   6: 8192 op, 9900.00 ns, 1.2085 ns/op
OverheadWarmup   7: 8192 op, 11500.00 ns, 1.4038 ns/op
OverheadWarmup   8: 8192 op, 12100.00 ns, 1.4771 ns/op
OverheadWarmup   9: 8192 op, 11700.00 ns, 1.4282 ns/op

OverheadActual   1: 8192 op, 13100.00 ns, 1.5991 ns/op
OverheadActual   2: 8192 op, 14800.00 ns, 1.8066 ns/op
OverheadActual   3: 8192 op, 15500.00 ns, 1.8921 ns/op
OverheadActual   4: 8192 op, 12300.00 ns, 1.5015 ns/op
OverheadActual   5: 8192 op, 14100.00 ns, 1.7212 ns/op
OverheadActual   6: 8192 op, 14600.00 ns, 1.7822 ns/op
OverheadActual   7: 8192 op, 11500.00 ns, 1.4038 ns/op
OverheadActual   8: 8192 op, 12100.00 ns, 1.4771 ns/op
OverheadActual   9: 8192 op, 11500.00 ns, 1.4038 ns/op
OverheadActual  10: 8192 op, 11300.00 ns, 1.3794 ns/op
OverheadActual  11: 8192 op, 11200.00 ns, 1.3672 ns/op
OverheadActual  12: 8192 op, 11300.00 ns, 1.3794 ns/op
OverheadActual  13: 8192 op, 11200.00 ns, 1.3672 ns/op
OverheadActual  14: 8192 op, 14500.00 ns, 1.7700 ns/op
OverheadActual  15: 8192 op, 16300.00 ns, 1.9897 ns/op
OverheadActual  16: 8192 op, 15600.00 ns, 1.9043 ns/op
OverheadActual  17: 8192 op, 13800.00 ns, 1.6846 ns/op
OverheadActual  18: 8192 op, 15000.00 ns, 1.8311 ns/op
OverheadActual  19: 8192 op, 11600.00 ns, 1.4160 ns/op
OverheadActual  20: 8192 op, 11400.00 ns, 1.3916 ns/op

WorkloadWarmup   1: 8192 op, 767798100.00 ns, 93.7254 us/op
WorkloadWarmup   2: 8192 op, 694094600.00 ns, 84.7283 us/op
WorkloadWarmup   3: 8192 op, 697921700.00 ns, 85.1955 us/op

// BeforeActualRun
WorkloadActual   1: 8192 op, 822906500.00 ns, 100.4525 us/op
WorkloadActual   2: 8192 op, 942476100.00 ns, 115.0484 us/op
WorkloadActual   3: 8192 op, 676237700.00 ns, 82.5485 us/op
WorkloadActual   4: 8192 op, 796472500.00 ns, 97.2256 us/op
WorkloadActual   5: 8192 op, 676659900.00 ns, 82.6001 us/op
WorkloadActual   6: 8192 op, 676299000.00 ns, 82.5560 us/op
WorkloadActual   7: 8192 op, 676402700.00 ns, 82.5687 us/op
WorkloadActual   8: 8192 op, 676509600.00 ns, 82.5817 us/op
WorkloadActual   9: 8192 op, 682565800.00 ns, 83.3210 us/op
WorkloadActual  10: 8192 op, 676383200.00 ns, 82.5663 us/op

// AfterActualRun
WorkloadResult   1: 8192 op, 822893800.00 ns, 100.4509 us/op
WorkloadResult   2: 8192 op, 676225000.00 ns, 82.5470 us/op
WorkloadResult   3: 8192 op, 796459800.00 ns, 97.2241 us/op
WorkloadResult   4: 8192 op, 676647200.00 ns, 82.5985 us/op
WorkloadResult   5: 8192 op, 676286300.00 ns, 82.5545 us/op
WorkloadResult   6: 8192 op, 676390000.00 ns, 82.5671 us/op
WorkloadResult   7: 8192 op, 676496900.00 ns, 82.5802 us/op
WorkloadResult   8: 8192 op, 682553100.00 ns, 83.3195 us/op
WorkloadResult   9: 8192 op, 676370500.00 ns, 82.5648 us/op
// GC:  0 0 0 400 8192
// Threading:  0 0 8192

// AfterAll
// Benchmark Process 71356 has exited with code 0.

Mean = 86.267 μs, StdErr = 2.392 μs (2.77%), N = 9, StdDev = 7.176 μs
Min = 82.547 μs, Q1 = 82.565 μs, Median = 82.580 μs, Q3 = 83.319 μs, Max = 100.451 μs
IQR = 0.755 μs, LowerFence = 81.433 μs, UpperFence = 84.452 μs
ConfidenceInterval = [74.208 μs; 98.327 μs] (CI 99.9%), Margin = 12.059 μs (13.98% of Mean)
Skewness = 1.15, Kurtosis = 2.35, MValue = 2

// ** Remained 1 (8.3%) benchmark(s) to run. Estimated finish 2026-05-19 20:40 (0h 0m from now) **
Setup power plan (GUID: 8c5e7fda-e8bf-4a96-9a85-a6e23a8c635c FriendlyName: High performance)
// **************************
// Benchmark: FireAndForgetBenchmarks.'TryHandle (consumed) x1000': Job-XHKEKX(IterationCount=10, WarmupCount=3)
// *** Execute ***
// Launch: 1 / 1
// Execute: dotnet 62553e56-a646-4859-9f1a-e2eda66fa9b6.dll --anonymousPipes 1280 1564 --benchmarkName Chopsticks.Benchmarks.FireAndForgetBenchmarks.Throughput_TryHandle_Consumed --job "IterationCount=10, WarmupCount=3" --benchmarkId 11 in A:\g\Chopsticks2\Native\Benchmarks\bin\Release\net9.0\62553e56-a646-4859-9f1a-e2eda66fa9b6\bin\Release\net9.0
// BeforeAnythingElse

// Benchmark Process Environment Information:
// BenchmarkDotNet v0.14.0
// Runtime=.NET 9.0.16 (9.0.1626.22923), X64 RyuJIT AVX2
// GC=Concurrent Workstation
// HardwareIntrinsics=AVX2,AES,BMI1,BMI2,FMA,LZCNT,PCLMUL,POPCNT,AvxVnni,SERIALIZE VectorSize=256
// Job: Job-RYNMIM(IterationCount=10, WarmupCount=3)

OverheadJitting  1: 1 op, 141500.00 ns, 141.5000 us/op
WorkloadJitting  1: 1 op, 2785200.00 ns, 2.7852 ms/op

OverheadJitting  2: 16 op, 222900.00 ns, 13.9313 us/op
WorkloadJitting  2: 16 op, 6361900.00 ns, 397.6188 us/op

WorkloadPilot    1: 16 op, 5353400.00 ns, 334.5875 us/op
WorkloadPilot    2: 32 op, 11011400.00 ns, 344.1063 us/op
WorkloadPilot    3: 64 op, 36040400.00 ns, 563.1313 us/op
WorkloadPilot    4: 128 op, 72891800.00 ns, 569.4672 us/op
WorkloadPilot    5: 256 op, 94246000.00 ns, 368.1484 us/op
WorkloadPilot    6: 512 op, 118227200.00 ns, 230.9125 us/op
WorkloadPilot    7: 1024 op, 309540600.00 ns, 302.2857 us/op
WorkloadPilot    8: 2048 op, 618731500.00 ns, 302.1150 us/op

OverheadWarmup   1: 2048 op, 5700.00 ns, 2.7832 ns/op
OverheadWarmup   2: 2048 op, 4000.00 ns, 1.9531 ns/op
OverheadWarmup   3: 2048 op, 2800.00 ns, 1.3672 ns/op
OverheadWarmup   4: 2048 op, 3400.00 ns, 1.6602 ns/op
OverheadWarmup   5: 2048 op, 3400.00 ns, 1.6602 ns/op
OverheadWarmup   6: 2048 op, 4200.00 ns, 2.0508 ns/op
OverheadWarmup   7: 2048 op, 4200.00 ns, 2.0508 ns/op

OverheadActual   1: 2048 op, 3700.00 ns, 1.8066 ns/op
OverheadActual   2: 2048 op, 4300.00 ns, 2.0996 ns/op
OverheadActual   3: 2048 op, 2900.00 ns, 1.4160 ns/op
OverheadActual   4: 2048 op, 3400.00 ns, 1.6602 ns/op
OverheadActual   5: 2048 op, 3100.00 ns, 1.5137 ns/op
OverheadActual   6: 2048 op, 3100.00 ns, 1.5137 ns/op
OverheadActual   7: 2048 op, 3200.00 ns, 1.5625 ns/op
OverheadActual   8: 2048 op, 3100.00 ns, 1.5137 ns/op
OverheadActual   9: 2048 op, 3100.00 ns, 1.5137 ns/op
OverheadActual  10: 2048 op, 3200.00 ns, 1.5625 ns/op
OverheadActual  11: 2048 op, 3100.00 ns, 1.5137 ns/op
OverheadActual  12: 2048 op, 3500.00 ns, 1.7090 ns/op
OverheadActual  13: 2048 op, 3500.00 ns, 1.7090 ns/op
OverheadActual  14: 2048 op, 3000.00 ns, 1.4648 ns/op
OverheadActual  15: 2048 op, 3200.00 ns, 1.5625 ns/op
OverheadActual  16: 2048 op, 2900.00 ns, 1.4160 ns/op
OverheadActual  17: 2048 op, 3200.00 ns, 1.5625 ns/op
OverheadActual  18: 2048 op, 3000.00 ns, 1.4648 ns/op
OverheadActual  19: 2048 op, 4400.00 ns, 2.1484 ns/op
OverheadActual  20: 2048 op, 3300.00 ns, 1.6113 ns/op

WorkloadWarmup   1: 2048 op, 505500500.00 ns, 246.8264 us/op
WorkloadWarmup   2: 2048 op, 612817600.00 ns, 299.2273 us/op
WorkloadWarmup   3: 2048 op, 466042800.00 ns, 227.5600 us/op

// BeforeActualRun
WorkloadActual   1: 2048 op, 450293100.00 ns, 219.8697 us/op
WorkloadActual   2: 2048 op, 448817700.00 ns, 219.1493 us/op
WorkloadActual   3: 2048 op, 450343200.00 ns, 219.8941 us/op
WorkloadActual   4: 2048 op, 449907800.00 ns, 219.6815 us/op
WorkloadActual   5: 2048 op, 449914600.00 ns, 219.6849 us/op
WorkloadActual   6: 2048 op, 449176400.00 ns, 219.3244 us/op
WorkloadActual   7: 2048 op, 455607300.00 ns, 222.4645 us/op
WorkloadActual   8: 2048 op, 510622900.00 ns, 249.3276 us/op
WorkloadActual   9: 2048 op, 452104100.00 ns, 220.7540 us/op
WorkloadActual  10: 2048 op, 449459200.00 ns, 219.4625 us/op

// AfterActualRun
WorkloadResult   1: 2048 op, 450289900.00 ns, 219.8681 us/op
WorkloadResult   2: 2048 op, 448814500.00 ns, 219.1477 us/op
WorkloadResult   3: 2048 op, 450340000.00 ns, 219.8926 us/op
WorkloadResult   4: 2048 op, 449904600.00 ns, 219.6800 us/op
WorkloadResult   5: 2048 op, 449911400.00 ns, 219.6833 us/op
WorkloadResult   6: 2048 op, 449173200.00 ns, 219.3229 us/op
WorkloadResult   7: 2048 op, 452100900.00 ns, 220.7524 us/op
WorkloadResult   8: 2048 op, 449456000.00 ns, 219.4609 us/op
// GC:  0 0 0 400 2048
// Threading:  0 0 2048

// AfterAll
// Benchmark Process 76568 has exited with code 0.

Mean = 219.726 μs, StdErr = 0.173 μs (0.08%), N = 8, StdDev = 0.489 μs
Min = 219.148 μs, Q1 = 219.426 μs, Median = 219.682 μs, Q3 = 219.874 μs, Max = 220.752 μs
IQR = 0.448 μs, LowerFence = 218.755 μs, UpperFence = 220.546 μs
ConfidenceInterval = [218.791 μs; 220.661 μs] (CI 99.9%), Margin = 0.935 μs (0.43% of Mean)
Skewness = 0.87, Kurtosis = 2.75, MValue = 2

// ** Remained 0 (0.0%) benchmark(s) to run. Estimated finish 2026-05-19 20:40 (0h 0m from now) **
Successfully reverted power plan (GUID: 381b4222-f694-41f0-9685-ff5bb260df2e FriendlyName: Balanced)
// ***** BenchmarkRunner: Finish  *****

// * Export *
  BenchmarkDotNet.Artifacts\results\Chopsticks.Benchmarks.FireAndForgetBenchmarks-report.csv
  BenchmarkDotNet.Artifacts\results\Chopsticks.Benchmarks.FireAndForgetBenchmarks-report-github.md
  BenchmarkDotNet.Artifacts\results\Chopsticks.Benchmarks.FireAndForgetBenchmarks-report.html

// * Detailed results *
FireAndForgetBenchmarks.TryHandleFireAndForget: Job-XHKEKX(IterationCount=10, WarmupCount=3)
Runtime = .NET 9.0.16 (9.0.1626.22923), X64 RyuJIT AVX2; GC = Concurrent Workstation
Mean = 22.102 ns, StdErr = 0.588 ns (2.66%), N = 8, StdDev = 1.662 ns
Min = 19.692 ns, Q1 = 20.824 ns, Median = 22.821 ns, Q3 = 23.444 ns, Max = 23.580 ns
IQR = 2.620 ns, LowerFence = 16.894 ns, UpperFence = 27.374 ns
ConfidenceInterval = [18.925 ns; 25.280 ns] (CI 99.9%), Margin = 3.177 ns (14.38% of Mean)
Skewness = -0.48, Kurtosis = 1.26, MValue = 2
-------------------- Histogram --------------------
[19.341 ns ; 21.928 ns) | @@@
[21.928 ns ; 24.110 ns) | @@@@@
---------------------------------------------------

FireAndForgetBenchmarks.HandleSync: Job-XHKEKX(IterationCount=10, WarmupCount=3)
Runtime = .NET 9.0.16 (9.0.1626.22923), X64 RyuJIT AVX2; GC = Concurrent Workstation
Mean = 30.198 ns, StdErr = 1.447 ns (4.79%), N = 10, StdDev = 4.575 ns
Min = 23.925 ns, Q1 = 26.868 ns, Median = 29.140 ns, Q3 = 33.051 ns, Max = 37.081 ns
IQR = 6.183 ns, LowerFence = 17.593 ns, UpperFence = 42.325 ns
ConfidenceInterval = [23.282 ns; 37.114 ns] (CI 99.9%), Margin = 6.916 ns (22.90% of Mean)
Skewness = 0.26, Kurtosis = 1.5, MValue = 2
-------------------- Histogram --------------------
[21.138 ns ; 24.864 ns) | @
[24.864 ns ; 30.437 ns) | @@@@@
[30.437 ns ; 37.547 ns) | @@@@
---------------------------------------------------

FireAndForgetBenchmarks.'TryHandle (unconsumed)': Job-XHKEKX(IterationCount=10, WarmupCount=3)
Runtime = .NET 9.0.16 (9.0.1626.22923), X64 RyuJIT AVX2; GC = Concurrent Workstation
Mean = 89.133 ns, StdErr = 3.114 ns (3.49%), N = 10, StdDev = 9.847 ns
Min = 77.190 ns, Q1 = 79.885 ns, Median = 89.877 ns, Q3 = 95.093 ns, Max = 102.985 ns
IQR = 15.209 ns, LowerFence = 57.072 ns, UpperFence = 117.906 ns
ConfidenceInterval = [74.246 ns; 104.021 ns] (CI 99.9%), Margin = 14.887 ns (16.70% of Mean)
Skewness = 0.08, Kurtosis = 1.32, MValue = 4
-------------------- Histogram --------------------
[75.938 ns ;  87.936 ns) | @@@@@
[87.936 ns ;  92.028 ns) | 
[92.028 ns ; 104.026 ns) | @@@@@
---------------------------------------------------

FireAndForgetBenchmarks.'TryHandle (consumed)': Job-XHKEKX(IterationCount=10, WarmupCount=3)
Runtime = .NET 9.0.16 (9.0.1626.22923), X64 RyuJIT AVX2; GC = Concurrent Workstation
Mean = 148.735 ns, StdErr = 1.556 ns (1.05%), N = 10, StdDev = 4.920 ns
Min = 141.922 ns, Q1 = 144.823 ns, Median = 150.021 ns, Q3 = 151.842 ns, Max = 156.710 ns
IQR = 7.019 ns, LowerFence = 134.295 ns, UpperFence = 162.369 ns
ConfidenceInterval = [141.298 ns; 156.173 ns] (CI 99.9%), Margin = 7.438 ns (5.00% of Mean)
Skewness = -0.03, Kurtosis = 1.5, MValue = 2
-------------------- Histogram --------------------
[140.657 ns ; 146.651 ns) | @@@@
[146.651 ns ; 154.440 ns) | @@@@@
[154.440 ns ; 159.707 ns) | @
---------------------------------------------------

FireAndForgetBenchmarks.HandleSync: Job-XHKEKX(IterationCount=10, WarmupCount=3)
Runtime = .NET 9.0.16 (9.0.1626.22923), X64 RyuJIT AVX2; GC = Concurrent Workstation
Mean = 95.182 ns, StdErr = 5.340 ns (5.61%), N = 10, StdDev = 16.887 ns
Min = 84.459 ns, Q1 = 84.616 ns, Median = 84.808 ns, Q3 = 105.374 ns, Max = 124.678 ns
IQR = 20.758 ns, LowerFence = 53.479 ns, UpperFence = 136.511 ns
ConfidenceInterval = [69.652 ns; 120.713 ns] (CI 99.9%), Margin = 25.530 ns (26.82% of Mean)
Skewness = 0.83, Kurtosis = 1.69, MValue = 2.86
-------------------- Histogram --------------------
[ 74.171 ns ;  95.641 ns) | @@@@@@@
[ 95.641 ns ; 107.926 ns) | 
[107.926 ns ; 128.501 ns) | @@@
---------------------------------------------------

FireAndForgetBenchmarks.TryHandleFireAndForget: Job-XHKEKX(IterationCount=10, WarmupCount=3)
Runtime = .NET 9.0.16 (9.0.1626.22923), X64 RyuJIT AVX2; GC = Concurrent Workstation
Mean = 97.033 ns, StdErr = 0.083 ns (0.09%), N = 8, StdDev = 0.234 ns
Min = 96.777 ns, Q1 = 96.882 ns, Median = 96.931 ns, Q3 = 97.214 ns, Max = 97.409 ns
IQR = 0.332 ns, LowerFence = 96.383 ns, UpperFence = 97.713 ns
ConfidenceInterval = [96.587 ns; 97.480 ns] (CI 99.9%), Margin = 0.447 ns (0.46% of Mean)
Skewness = 0.46, Kurtosis = 1.35, MValue = 2
-------------------- Histogram --------------------
[96.624 ns ; 97.562 ns) | @@@@@@@@
---------------------------------------------------

FireAndForgetBenchmarks.'TryHandle (consumed)': Job-XHKEKX(IterationCount=10, WarmupCount=3)
Runtime = .NET 9.0.16 (9.0.1626.22923), X64 RyuJIT AVX2; GC = Concurrent Workstation
Mean = 225.108 ns, StdErr = 4.479 ns (1.99%), N = 8, StdDev = 12.669 ns
Min = 220.294 ns, Q1 = 220.466 ns, Median = 220.581 ns, Q3 = 220.982 ns, Max = 256.454 ns
IQR = 0.516 ns, LowerFence = 219.691 ns, UpperFence = 221.757 ns
ConfidenceInterval = [200.884 ns; 249.331 ns] (CI 99.9%), Margin = 24.223 ns (10.76% of Mean)
Skewness = 1.85, Kurtosis = 4.7, MValue = 2
-------------------- Histogram --------------------
[211.980 ns ; 229.041 ns) | @@@@@@@
[229.041 ns ; 248.140 ns) | 
[248.140 ns ; 264.769 ns) | @
---------------------------------------------------

FireAndForgetBenchmarks.'TryHandle (unconsumed)': Job-XHKEKX(IterationCount=10, WarmupCount=3)
Runtime = .NET 9.0.16 (9.0.1626.22923), X64 RyuJIT AVX2; GC = Concurrent Workstation
Mean = 249.777 ns, StdErr = 7.655 ns (3.06%), N = 10, StdDev = 24.208 ns
Min = 185.130 ns, Q1 = 255.317 ns, Median = 259.230 ns, Q3 = 260.630 ns, Max = 265.067 ns
IQR = 5.313 ns, LowerFence = 247.348 ns, UpperFence = 268.600 ns
ConfidenceInterval = [213.177 ns; 286.376 ns] (CI 99.9%), Margin = 36.599 ns (14.65% of Mean)
Skewness = -1.86, Kurtosis = 5.14, MValue = 2
-------------------- Histogram --------------------
[170.382 ns ; 199.878 ns) | @
[199.878 ns ; 219.905 ns) | 
[219.905 ns ; 245.278 ns) | @
[245.278 ns ; 279.815 ns) | @@@@@@@@
---------------------------------------------------

FireAndForgetBenchmarks.'HandleSync x1000': Job-XHKEKX(IterationCount=10, WarmupCount=3)
Runtime = .NET 9.0.16 (9.0.1626.22923), X64 RyuJIT AVX2; GC = Concurrent Workstation
Mean = 86.267 μs, StdErr = 2.392 μs (2.77%), N = 9, StdDev = 7.176 μs
Min = 82.547 μs, Q1 = 82.565 μs, Median = 82.580 μs, Q3 = 83.319 μs, Max = 100.451 μs
IQR = 0.755 μs, LowerFence = 81.433 μs, UpperFence = 84.452 μs
ConfidenceInterval = [74.208 μs; 98.327 μs] (CI 99.9%), Margin = 12.059 μs (13.98% of Mean)
Skewness = 1.15, Kurtosis = 2.35, MValue = 2
-------------------- Histogram --------------------
[78.019 μs ;  87.461 μs) | @@@@@@@
[87.461 μs ;  94.309 μs) | 
[94.309 μs ; 104.979 μs) | @@
---------------------------------------------------

FireAndForgetBenchmarks.'TryHandleFireAndForget x1000': Job-XHKEKX(IterationCount=10, WarmupCount=3)
Runtime = .NET 9.0.16 (9.0.1626.22923), X64 RyuJIT AVX2; GC = Concurrent Workstation
Mean = 91.449 μs, StdErr = 0.065 μs (0.07%), N = 8, StdDev = 0.185 μs
Min = 91.258 μs, Q1 = 91.336 μs, Median = 91.407 μs, Q3 = 91.492 μs, Max = 91.844 μs
IQR = 0.155 μs, LowerFence = 91.104 μs, UpperFence = 91.724 μs
ConfidenceInterval = [91.095 μs; 91.803 μs] (CI 99.9%), Margin = 0.354 μs (0.39% of Mean)
Skewness = 1.01, Kurtosis = 2.78, MValue = 2
-------------------- Histogram --------------------
[91.137 μs ; 91.965 μs) | @@@@@@@@
---------------------------------------------------

FireAndForgetBenchmarks.'TryHandle (unconsumed) x1000': Job-XHKEKX(IterationCount=10, WarmupCount=3)
Runtime = .NET 9.0.16 (9.0.1626.22923), X64 RyuJIT AVX2; GC = Concurrent Workstation
Mean = 193.945 μs, StdErr = 11.637 μs (6.00%), N = 10, StdDev = 36.799 μs
Min = 167.711 μs, Q1 = 167.990 μs, Median = 168.273 μs, Q3 = 211.028 μs, Max = 256.389 μs
IQR = 43.038 μs, LowerFence = 103.433 μs, UpperFence = 275.585 μs
ConfidenceInterval = [138.310 μs; 249.580 μs] (CI 99.9%), Margin = 55.635 μs (28.69% of Mean)
Skewness = 0.75, Kurtosis = 1.75, MValue = 2.5
-------------------- Histogram --------------------
[167.496 μs ; 212.333 μs) | @@@@@@@@
[212.333 μs ; 233.305 μs) | 
[233.305 μs ; 278.807 μs) | @@
---------------------------------------------------

FireAndForgetBenchmarks.'TryHandle (consumed) x1000': Job-XHKEKX(IterationCount=10, WarmupCount=3)
Runtime = .NET 9.0.16 (9.0.1626.22923), X64 RyuJIT AVX2; GC = Concurrent Workstation
Mean = 219.726 μs, StdErr = 0.173 μs (0.08%), N = 8, StdDev = 0.489 μs
Min = 219.148 μs, Q1 = 219.426 μs, Median = 219.682 μs, Q3 = 219.874 μs, Max = 220.752 μs
IQR = 0.448 μs, LowerFence = 218.755 μs, UpperFence = 220.546 μs
ConfidenceInterval = [218.791 μs; 220.661 μs] (CI 99.9%), Margin = 0.935 μs (0.43% of Mean)
Skewness = 0.87, Kurtosis = 2.75, MValue = 2
-------------------- Histogram --------------------
[218.827 μs ; 221.073 μs) | @@@@@@@@
---------------------------------------------------

// * Summary *

BenchmarkDotNet v0.14.0, Windows 11 (10.0.26200.8457)
Unknown processor
.NET SDK 9.0.314
  [Host]     : .NET 9.0.16 (9.0.1626.22923), X64 RyuJIT AVX2
  Job-XHKEKX : .NET 9.0.16 (9.0.1626.22923), X64 RyuJIT AVX2

IterationCount=10  WarmupCount=3  

| Method                         | Categories | Mean          | Error         | StdDev        | Ratio | RatioSD | Gen0    | Allocated | Alloc Ratio |
|------------------------------- |----------- |--------------:|--------------:|--------------:|------:|--------:|--------:|----------:|------------:|
| TryHandleFireAndForget         | 1 Handler  |      22.10 ns |      3.177 ns |      1.662 ns |  0.25 |    0.03 |       - |         - |        0.00 |
| HandleSync                     | 1 Handler  |      30.20 ns |      6.916 ns |      4.575 ns |  0.34 |    0.06 |       - |         - |        0.00 |
| 'TryHandle (unconsumed)'       | 1 Handler  |      89.13 ns |     14.887 ns |      9.847 ns |  1.01 |    0.15 |  0.0161 |     304 B |        1.00 |
| 'TryHandle (consumed)'         | 1 Handler  |     148.74 ns |      7.438 ns |      4.920 ns |  1.69 |    0.19 |       - |         - |        0.00 |
|                                |            |               |               |               |       |         |         |           |             |
| HandleSync                     | 5 Handlers |      95.18 ns |     25.530 ns |     16.887 ns |  0.39 |    0.08 |       - |         - |        0.00 |
| TryHandleFireAndForget         | 5 Handlers |      97.03 ns |      0.447 ns |      0.234 ns |  0.39 |    0.05 |       - |         - |        0.00 |
| 'TryHandle (consumed)'         | 5 Handlers |     225.11 ns |     24.223 ns |     12.669 ns |  0.91 |    0.12 |       - |         - |        0.00 |
| 'TryHandle (unconsumed)'       | 5 Handlers |     249.78 ns |     36.599 ns |     24.208 ns |  1.01 |    0.15 |  0.0157 |     304 B |        1.00 |
|                                |            |               |               |               |       |         |         |           |             |
| 'HandleSync x1000'             | Throughput |  86,267.40 ns | 12,059.333 ns |  7,176.315 ns |  0.46 |    0.08 |       - |         - |        0.00 |
| 'TryHandleFireAndForget x1000' | Throughput |  91,449.22 ns |    354.211 ns |    185.259 ns |  0.49 |    0.08 |       - |         - |        0.00 |
| 'TryHandle (unconsumed) x1000' | Throughput | 193,944.93 ns | 55,635.413 ns | 36,799.381 ns |  1.03 |    0.25 | 16.1133 |  304000 B |        1.00 |
| 'TryHandle (consumed) x1000'   | Throughput | 219,725.98 ns |    934.602 ns |    488.815 ns |  1.17 |    0.18 |       - |         - |        0.00 |

// * Hints *
Outliers
  FireAndForgetBenchmarks.TryHandleFireAndForget: IterationCount=10, WarmupCount=3         -> 2 outliers were removed (28.03 ns, 31.09 ns)
  FireAndForgetBenchmarks.TryHandleFireAndForget: IterationCount=10, WarmupCount=3         -> 2 outliers were removed (125.25 ns, 143.60 ns)
  FireAndForgetBenchmarks.'TryHandle (consumed)': IterationCount=10, WarmupCount=3         -> 2 outliers were removed (315.02 ns, 325.06 ns)
  FireAndForgetBenchmarks.'TryHandle (unconsumed)': IterationCount=10, WarmupCount=3       -> 2 outliers were detected (187.18 ns, 236.70 ns)
  FireAndForgetBenchmarks.'HandleSync x1000': IterationCount=10, WarmupCount=3             -> 1 outlier  was  removed (115.05 μs)
  FireAndForgetBenchmarks.'TryHandleFireAndForget x1000': IterationCount=10, WarmupCount=3 -> 2 outliers were removed (112.22 μs, 113.74 μs)
  FireAndForgetBenchmarks.'TryHandle (consumed) x1000': IterationCount=10, WarmupCount=3   -> 2 outliers were removed (222.46 μs, 249.33 μs)

// * Legends *
  Categories  : All categories of the corresponded method, class, and assembly
  Mean        : Arithmetic mean of all measurements
  Error       : Half of 99.9% confidence interval
  StdDev      : Standard deviation of all measurements
  Ratio       : Mean of the ratio distribution ([Current]/[Baseline])
  RatioSD     : Standard deviation of the ratio distribution ([Current]/[Baseline])
  Gen0        : GC Generation 0 collects per 1000 operations
  Allocated   : Allocated memory per single operation (managed only, inclusive, 1KB = 1024B)
  Alloc Ratio : Allocated memory ratio distribution ([Current]/[Baseline])
  1 ns        : 1 Nanosecond (0.000000001 sec)

// * Diagnostic Output - MemoryDiagnoser *


// ***** BenchmarkRunner: End *****
Run time: 00:02:22 (142.74 sec), executed benchmarks: 12

Global total time: 00:02:29 (149.25 sec), executed benchmarks: 12
// * Artifacts cleanup *
Artifacts cleanup is finished
