// Validating benchmarks:
// ***** BenchmarkRunner: Start   *****
// ***** Found 2 benchmark(s) in total *****
// ***** Building 1 exe(s) in Parallel: Start   *****
// start dotnet  restore /p:UseSharedCompilation=false /p:BuildInParallel=false /m:1 /p:Deterministic=true /p:Optimize=true /p:IntermediateOutputPath="A:\g\Chopsticks2\Native\Benchmarks\bin\Release\net9.0\91eff64b-4372-48b7-b1ef-1a8274bc47fa\obj\Release\net9.0/" /p:OutDir="A:\g\Chopsticks2\Native\Benchmarks\bin\Release\net9.0\91eff64b-4372-48b7-b1ef-1a8274bc47fa\bin\Release\net9.0/" /p:OutputPath="A:\g\Chopsticks2\Native\Benchmarks\bin\Release\net9.0\91eff64b-4372-48b7-b1ef-1a8274bc47fa\bin\Release\net9.0/" in A:\g\Chopsticks2\Native\Benchmarks\bin\Release\net9.0\91eff64b-4372-48b7-b1ef-1a8274bc47fa
// command took 0.76 sec and exited with 0
// start dotnet  build -c Release --no-restore /p:UseSharedCompilation=false /p:BuildInParallel=false /m:1 /p:Deterministic=true /p:Optimize=true /p:IntermediateOutputPath="A:\g\Chopsticks2\Native\Benchmarks\bin\Release\net9.0\91eff64b-4372-48b7-b1ef-1a8274bc47fa\obj\Release\net9.0/" /p:OutDir="A:\g\Chopsticks2\Native\Benchmarks\bin\Release\net9.0\91eff64b-4372-48b7-b1ef-1a8274bc47fa\bin\Release\net9.0/" /p:OutputPath="A:\g\Chopsticks2\Native\Benchmarks\bin\Release\net9.0\91eff64b-4372-48b7-b1ef-1a8274bc47fa\bin\Release\net9.0/" --output "A:\g\Chopsticks2\Native\Benchmarks\bin\Release\net9.0\91eff64b-4372-48b7-b1ef-1a8274bc47fa\bin\Release\net9.0/" in A:\g\Chopsticks2\Native\Benchmarks\bin\Release\net9.0\91eff64b-4372-48b7-b1ef-1a8274bc47fa
// command took 4.41 sec and exited with 0
// ***** Done, took 00:00:05 (5.21 sec)   *****
// Found 2 benchmarks:
//   HandlingResultBenchmarks.Exceptions_SingleException: Job-BDZQWE(IterationCount=5, WarmupCount=2)
//   HandlingResultBenchmarks.Exceptions_MultipleExceptions: Job-BDZQWE(IterationCount=5, WarmupCount=2)

Setup power plan (GUID: 8c5e7fda-e8bf-4a96-9a85-a6e23a8c635c FriendlyName: High performance)
// **************************
// Benchmark: HandlingResultBenchmarks.Exceptions_SingleException: Job-BDZQWE(IterationCount=5, WarmupCount=2)
// *** Execute ***
// Launch: 1 / 1
// Execute: dotnet 91eff64b-4372-48b7-b1ef-1a8274bc47fa.dll --anonymousPipes 1232 1236 --benchmarkName Chopsticks.Benchmarks.HandlingResultBenchmarks.Exceptions_SingleException --job "IterationCount=5, WarmupCount=2" --benchmarkId 0 in A:\g\Chopsticks2\Native\Benchmarks\bin\Release\net9.0\91eff64b-4372-48b7-b1ef-1a8274bc47fa\bin\Release\net9.0
// BeforeAnythingElse

// Benchmark Process Environment Information:
// BenchmarkDotNet v0.14.0
// Runtime=.NET 9.0.16 (9.0.1626.22923), X64 RyuJIT AVX2
// GC=Concurrent Workstation
// HardwareIntrinsics=AVX2,AES,BMI1,BMI2,FMA,LZCNT,PCLMUL,POPCNT,AvxVnni,SERIALIZE VectorSize=256
// Job: Job-IIYSEB(IterationCount=5, WarmupCount=2)

OverheadJitting  1: 1 op, 215700.00 ns, 215.7000 us/op
WorkloadJitting  1: 1 op, 590900.00 ns, 590.9000 us/op

OverheadJitting  2: 16 op, 310400.00 ns, 19.4000 us/op
WorkloadJitting  2: 16 op, 276200.00 ns, 17.2625 us/op

WorkloadPilot    1: 16 op, 3600.00 ns, 225.0000 ns/op
WorkloadPilot    2: 32 op, 4500.00 ns, 140.6250 ns/op
WorkloadPilot    3: 64 op, 6000.00 ns, 93.7500 ns/op
WorkloadPilot    4: 128 op, 16100.00 ns, 125.7813 ns/op
WorkloadPilot    5: 256 op, 28300.00 ns, 110.5469 ns/op
WorkloadPilot    6: 512 op, 46000.00 ns, 89.8438 ns/op
WorkloadPilot    7: 1024 op, 149400.00 ns, 145.8984 ns/op
WorkloadPilot    8: 2048 op, 257700.00 ns, 125.8301 ns/op
WorkloadPilot    9: 4096 op, 318500.00 ns, 77.7588 ns/op
WorkloadPilot   10: 8192 op, 682100.00 ns, 83.2642 ns/op
WorkloadPilot   11: 16384 op, 1264100.00 ns, 77.1545 ns/op
WorkloadPilot   12: 32768 op, 2409800.00 ns, 73.5413 ns/op
WorkloadPilot   13: 65536 op, 4611700.00 ns, 70.3690 ns/op
WorkloadPilot   14: 131072 op, 9241300.00 ns, 70.5055 ns/op
WorkloadPilot   15: 262144 op, 27258300.00 ns, 103.9822 ns/op
WorkloadPilot   16: 524288 op, 31602900.00 ns, 60.2777 ns/op
WorkloadPilot   17: 1048576 op, 60281000.00 ns, 57.4884 ns/op
WorkloadPilot   18: 2097152 op, 85957400.00 ns, 40.9877 ns/op
WorkloadPilot   19: 4194304 op, 41160000.00 ns, 9.8133 ns/op
WorkloadPilot   20: 8388608 op, 83911400.00 ns, 10.0030 ns/op
WorkloadPilot   21: 16777216 op, 166553300.00 ns, 9.9274 ns/op
WorkloadPilot   22: 33554432 op, 329962200.00 ns, 9.8336 ns/op
WorkloadPilot   23: 67108864 op, 508338200.00 ns, 7.5748 ns/op

OverheadWarmup   1: 67108864 op, 90198900.00 ns, 1.3441 ns/op
OverheadWarmup   2: 67108864 op, 90760100.00 ns, 1.3524 ns/op
OverheadWarmup   3: 67108864 op, 108058500.00 ns, 1.6102 ns/op
OverheadWarmup   4: 67108864 op, 52889000.00 ns, 0.7881 ns/op
OverheadWarmup   5: 67108864 op, 52893600.00 ns, 0.7882 ns/op
OverheadWarmup   6: 67108864 op, 52872000.00 ns, 0.7879 ns/op

OverheadActual   1: 67108864 op, 53096600.00 ns, 0.7912 ns/op
OverheadActual   2: 67108864 op, 52885800.00 ns, 0.7881 ns/op
OverheadActual   3: 67108864 op, 53005000.00 ns, 0.7898 ns/op
OverheadActual   4: 67108864 op, 53534400.00 ns, 0.7977 ns/op
OverheadActual   5: 67108864 op, 53521000.00 ns, 0.7975 ns/op
OverheadActual   6: 67108864 op, 54517000.00 ns, 0.8124 ns/op
OverheadActual   7: 67108864 op, 54330000.00 ns, 0.8096 ns/op
OverheadActual   8: 67108864 op, 53808400.00 ns, 0.8018 ns/op
OverheadActual   9: 67108864 op, 53788200.00 ns, 0.8015 ns/op
OverheadActual  10: 67108864 op, 53981500.00 ns, 0.8044 ns/op
OverheadActual  11: 67108864 op, 52885800.00 ns, 0.7881 ns/op
OverheadActual  12: 67108864 op, 52952200.00 ns, 0.7890 ns/op
OverheadActual  13: 67108864 op, 82608400.00 ns, 1.2310 ns/op
OverheadActual  14: 67108864 op, 52879000.00 ns, 0.7880 ns/op
OverheadActual  15: 67108864 op, 52924200.00 ns, 0.7886 ns/op

WorkloadWarmup   1: 67108864 op, 469376300.00 ns, 6.9943 ns/op
WorkloadWarmup   2: 67108864 op, 451822100.00 ns, 6.7327 ns/op

// BeforeActualRun
WorkloadActual   1: 67108864 op, 399436700.00 ns, 5.9521 ns/op
WorkloadActual   2: 67108864 op, 392203700.00 ns, 5.8443 ns/op
WorkloadActual   3: 67108864 op, 387169100.00 ns, 5.7693 ns/op
WorkloadActual   4: 67108864 op, 503508000.00 ns, 7.5029 ns/op
WorkloadActual   5: 67108864 op, 685190600.00 ns, 10.2101 ns/op

// AfterActualRun
WorkloadResult   1: 67108864 op, 345915700.00 ns, 5.1545 ns/op
WorkloadResult   2: 67108864 op, 338682700.00 ns, 5.0468 ns/op
WorkloadResult   3: 67108864 op, 333648100.00 ns, 4.9717 ns/op
WorkloadResult   4: 67108864 op, 449987000.00 ns, 6.7053 ns/op
// GC:  199 0 0 3758096784 67108864
// Threading:  0 0 67108864

// AfterAll
// Benchmark Process 75800 has exited with code 0.

Mean = 5.470 ns, StdErr = 0.414 ns (7.56%), N = 4, StdDev = 0.827 ns
Min = 4.972 ns, Q1 = 5.028 ns, Median = 5.101 ns, Q3 = 5.542 ns, Max = 6.705 ns
IQR = 0.514 ns, LowerFence = 4.257 ns, UpperFence = 6.314 ns
ConfidenceInterval = [0.124 ns; 10.815 ns] (CI 99.9%), Margin = 5.346 ns (97.73% of Mean)
Skewness = 0.73, Kurtosis = 1.3, MValue = 2

// ** Remained 1 (50.0%) benchmark(s) to run. Estimated finish 2026-05-19 11:03 (0h 0m from now) **
Setup power plan (GUID: 8c5e7fda-e8bf-4a96-9a85-a6e23a8c635c FriendlyName: High performance)
// **************************
// Benchmark: HandlingResultBenchmarks.Exceptions_MultipleExceptions: Job-BDZQWE(IterationCount=5, WarmupCount=2)
// *** Execute ***
// Launch: 1 / 1
// Execute: dotnet 91eff64b-4372-48b7-b1ef-1a8274bc47fa.dll --anonymousPipes 1276 1292 --benchmarkName Chopsticks.Benchmarks.HandlingResultBenchmarks.Exceptions_MultipleExceptions --job "IterationCount=5, WarmupCount=2" --benchmarkId 1 in A:\g\Chopsticks2\Native\Benchmarks\bin\Release\net9.0\91eff64b-4372-48b7-b1ef-1a8274bc47fa\bin\Release\net9.0
// BeforeAnythingElse

// Benchmark Process Environment Information:
// BenchmarkDotNet v0.14.0
// Runtime=.NET 9.0.16 (9.0.1626.22923), X64 RyuJIT AVX2
// GC=Concurrent Workstation
// HardwareIntrinsics=AVX2,AES,BMI1,BMI2,FMA,LZCNT,PCLMUL,POPCNT,AvxVnni,SERIALIZE VectorSize=256
// Job: Job-TPAVUE(IterationCount=5, WarmupCount=2)

OverheadJitting  1: 1 op, 238300.00 ns, 238.3000 us/op
WorkloadJitting  1: 1 op, 360900.00 ns, 360.9000 us/op

OverheadJitting  2: 16 op, 196400.00 ns, 12.2750 us/op
WorkloadJitting  2: 16 op, 191600.00 ns, 11.9750 us/op

WorkloadPilot    1: 16 op, 4100.00 ns, 256.2500 ns/op
WorkloadPilot    2: 32 op, 4700.00 ns, 146.8750 ns/op
WorkloadPilot    3: 64 op, 6500.00 ns, 101.5625 ns/op
WorkloadPilot    4: 128 op, 17300.00 ns, 135.1563 ns/op
WorkloadPilot    5: 256 op, 27000.00 ns, 105.4688 ns/op
WorkloadPilot    6: 512 op, 44700.00 ns, 87.3047 ns/op
WorkloadPilot    7: 1024 op, 97100.00 ns, 94.8242 ns/op
WorkloadPilot    8: 2048 op, 218200.00 ns, 106.5430 ns/op
WorkloadPilot    9: 4096 op, 438100.00 ns, 106.9580 ns/op
WorkloadPilot   10: 8192 op, 976200.00 ns, 119.1650 ns/op
WorkloadPilot   11: 16384 op, 1674700.00 ns, 102.2156 ns/op
WorkloadPilot   12: 32768 op, 3250500.00 ns, 99.1974 ns/op
WorkloadPilot   13: 65536 op, 6154600.00 ns, 93.9117 ns/op
WorkloadPilot   14: 131072 op, 12025300.00 ns, 91.7458 ns/op
WorkloadPilot   15: 262144 op, 24595200.00 ns, 93.8232 ns/op
WorkloadPilot   16: 524288 op, 49007200.00 ns, 93.4738 ns/op
WorkloadPilot   17: 1048576 op, 93385700.00 ns, 89.0595 ns/op
WorkloadPilot   18: 2097152 op, 130638900.00 ns, 62.2935 ns/op
WorkloadPilot   19: 4194304 op, 37122900.00 ns, 8.8508 ns/op
WorkloadPilot   20: 8388608 op, 71270300.00 ns, 8.4961 ns/op
WorkloadPilot   21: 16777216 op, 137883200.00 ns, 8.2185 ns/op
WorkloadPilot   22: 33554432 op, 278890900.00 ns, 8.3116 ns/op
WorkloadPilot   23: 67108864 op, 556786300.00 ns, 8.2968 ns/op

OverheadWarmup   1: 67108864 op, 90407700.00 ns, 1.3472 ns/op
OverheadWarmup   2: 67108864 op, 90766200.00 ns, 1.3525 ns/op
OverheadWarmup   3: 67108864 op, 64996800.00 ns, 0.9685 ns/op
OverheadWarmup   4: 67108864 op, 52833200.00 ns, 0.7873 ns/op
OverheadWarmup   5: 67108864 op, 52994500.00 ns, 0.7897 ns/op
OverheadWarmup   6: 67108864 op, 85110400.00 ns, 1.2682 ns/op
OverheadWarmup   7: 67108864 op, 88334300.00 ns, 1.3163 ns/op
OverheadWarmup   8: 67108864 op, 88364600.00 ns, 1.3167 ns/op
OverheadWarmup   9: 67108864 op, 52875500.00 ns, 0.7879 ns/op

OverheadActual   1: 67108864 op, 52979700.00 ns, 0.7895 ns/op
OverheadActual   2: 67108864 op, 84720000.00 ns, 1.2624 ns/op
OverheadActual   3: 67108864 op, 87853800.00 ns, 1.3091 ns/op
OverheadActual   4: 67108864 op, 87329300.00 ns, 1.3013 ns/op
OverheadActual   5: 67108864 op, 89048000.00 ns, 1.3269 ns/op
OverheadActual   6: 67108864 op, 80329400.00 ns, 1.1970 ns/op
OverheadActual   7: 67108864 op, 52985600.00 ns, 0.7895 ns/op
OverheadActual   8: 67108864 op, 52953500.00 ns, 0.7891 ns/op
OverheadActual   9: 67108864 op, 52982400.00 ns, 0.7895 ns/op
OverheadActual  10: 67108864 op, 52916200.00 ns, 0.7885 ns/op
OverheadActual  11: 67108864 op, 53014000.00 ns, 0.7900 ns/op
OverheadActual  12: 67108864 op, 53217200.00 ns, 0.7930 ns/op
OverheadActual  13: 67108864 op, 54200700.00 ns, 0.8077 ns/op
OverheadActual  14: 67108864 op, 101494500.00 ns, 1.5124 ns/op
OverheadActual  15: 67108864 op, 89311600.00 ns, 1.3308 ns/op
OverheadActual  16: 67108864 op, 88920500.00 ns, 1.3250 ns/op
OverheadActual  17: 67108864 op, 88163100.00 ns, 1.3137 ns/op
OverheadActual  18: 67108864 op, 52924400.00 ns, 0.7886 ns/op
OverheadActual  19: 67108864 op, 52896800.00 ns, 0.7882 ns/op
OverheadActual  20: 67108864 op, 53060700.00 ns, 0.7907 ns/op

WorkloadWarmup   1: 67108864 op, 584311400.00 ns, 8.7069 ns/op
WorkloadWarmup   2: 67108864 op, 587485800.00 ns, 8.7542 ns/op

// BeforeActualRun
WorkloadActual   1: 67108864 op, 767845700.00 ns, 11.4418 ns/op
WorkloadActual   2: 67108864 op, 680139900.00 ns, 10.1349 ns/op
WorkloadActual   3: 67108864 op, 934367000.00 ns, 13.9232 ns/op
WorkloadActual   4: 67108864 op, 568939300.00 ns, 8.4779 ns/op
WorkloadActual   5: 67108864 op, 971663500.00 ns, 14.4789 ns/op

// AfterActualRun
WorkloadResult   1: 67108864 op, 714136750.00 ns, 10.6415 ns/op
WorkloadResult   2: 67108864 op, 626430950.00 ns, 9.3345 ns/op
WorkloadResult   3: 67108864 op, 880658050.00 ns, 13.1228 ns/op
WorkloadResult   4: 67108864 op, 515230350.00 ns, 7.6775 ns/op
WorkloadResult   5: 67108864 op, 917954550.00 ns, 13.6786 ns/op
// GC:  114 0 0 2147484048 67108864
// Threading:  0 0 67108864

// AfterAll
// Benchmark Process 75928 has exited with code 0.

Mean = 10.891 ns, StdErr = 1.131 ns (10.38%), N = 5, StdDev = 2.528 ns
Min = 7.678 ns, Q1 = 9.335 ns, Median = 10.641 ns, Q3 = 13.123 ns, Max = 13.679 ns
IQR = 3.788 ns, LowerFence = 3.652 ns, UpperFence = 18.805 ns
ConfidenceInterval = [1.157 ns; 20.625 ns] (CI 99.9%), Margin = 9.734 ns (89.38% of Mean)
Skewness = -0.05, Kurtosis = 0.97, MValue = 2

// ** Remained 0 (0.0%) benchmark(s) to run. Estimated finish 2026-05-19 11:03 (0h 0m from now) **
Successfully reverted power plan (GUID: 381b4222-f694-41f0-9685-ff5bb260df2e FriendlyName: Balanced)
// ***** BenchmarkRunner: Finish  *****

// * Export *
  BenchmarkDotNet.Artifacts\results\Chopsticks.Benchmarks.HandlingResultBenchmarks-report.csv
  BenchmarkDotNet.Artifacts\results\Chopsticks.Benchmarks.HandlingResultBenchmarks-report-github.md
  BenchmarkDotNet.Artifacts\results\Chopsticks.Benchmarks.HandlingResultBenchmarks-report.html

// * Detailed results *
HandlingResultBenchmarks.Exceptions_SingleException: Job-BDZQWE(IterationCount=5, WarmupCount=2)
Runtime = .NET 9.0.16 (9.0.1626.22923), X64 RyuJIT AVX2; GC = Concurrent Workstation
Mean = 5.470 ns, StdErr = 0.414 ns (7.56%), N = 4, StdDev = 0.827 ns
Min = 4.972 ns, Q1 = 5.028 ns, Median = 5.101 ns, Q3 = 5.542 ns, Max = 6.705 ns
IQR = 0.514 ns, LowerFence = 4.257 ns, UpperFence = 6.314 ns
ConfidenceInterval = [0.124 ns; 10.815 ns] (CI 99.9%), Margin = 5.346 ns (97.73% of Mean)
Skewness = 0.73, Kurtosis = 1.3, MValue = 2
-------------------- Histogram --------------------
[4.288 ns ; 5.747 ns) | @@@
[5.747 ns ; 7.389 ns) | @
---------------------------------------------------

HandlingResultBenchmarks.Exceptions_MultipleExceptions: Job-BDZQWE(IterationCount=5, WarmupCount=2)
Runtime = .NET 9.0.16 (9.0.1626.22923), X64 RyuJIT AVX2; GC = Concurrent Workstation
Mean = 10.891 ns, StdErr = 1.131 ns (10.38%), N = 5, StdDev = 2.528 ns
Min = 7.678 ns, Q1 = 9.335 ns, Median = 10.641 ns, Q3 = 13.123 ns, Max = 13.679 ns
IQR = 3.788 ns, LowerFence = 3.652 ns, UpperFence = 18.805 ns
ConfidenceInterval = [1.157 ns; 20.625 ns] (CI 99.9%), Margin = 9.734 ns (89.38% of Mean)
Skewness = -0.05, Kurtosis = 0.97, MValue = 2
-------------------- Histogram --------------------
[ 7.219 ns ; 11.100 ns) | @@@
[11.100 ns ; 15.619 ns) | @@
---------------------------------------------------

// * Summary *

BenchmarkDotNet v0.14.0, Windows 11 (10.0.26200.8457)
Unknown processor
.NET SDK 9.0.314
  [Host]     : .NET 9.0.16 (9.0.1626.22923), X64 RyuJIT AVX2
  Job-BDZQWE : .NET 9.0.16 (9.0.1626.22923), X64 RyuJIT AVX2

IterationCount=5  WarmupCount=2  

| Method                        | Mean      | Error    | StdDev    | Gen0   | Allocated |
|------------------------------ |----------:|---------:|----------:|-------:|----------:|
| Exceptions_SingleException    |  5.470 ns | 5.346 ns | 0.8272 ns | 0.0030 |      56 B |
| Exceptions_MultipleExceptions | 10.891 ns | 9.734 ns | 2.5280 ns | 0.0017 |      32 B |

// * Hints *
Outliers
  HandlingResultBenchmarks.Exceptions_SingleException: IterationCount=5, WarmupCount=2 -> 1 outlier  was  removed (10.21 ns)

// * Legends *
  Mean      : Arithmetic mean of all measurements
  Error     : Half of 99.9% confidence interval
  StdDev    : Standard deviation of all measurements
  Gen0      : GC Generation 0 collects per 1000 operations
  Allocated : Allocated memory per single operation (managed only, inclusive, 1KB = 1024B)
  1 ns      : 1 Nanosecond (0.000000001 sec)

// * Diagnostic Output - MemoryDiagnoser *


// ***** BenchmarkRunner: End *****
Run time: 00:00:16 (16.64 sec), executed benchmarks: 2

Global total time: 00:00:21 (21.94 sec), executed benchmarks: 2
// * Artifacts cleanup *
Artifacts cleanup is finished
