// Validating benchmarks:
// ***** BenchmarkRunner: Start   *****
// ***** Found 3 benchmark(s) in total *****
// ***** Building 1 exe(s) in Parallel: Start   *****
// start dotnet  restore /p:UseSharedCompilation=false /p:BuildInParallel=false /m:1 /p:Deterministic=true /p:Optimize=true /p:IntermediateOutputPath="A:\g\Chopsticks2\Native\Benchmarks\bin\Release\net9.0\3e4183f9-b22b-417f-a162-abd404c4c68c\obj\Release\net9.0/" /p:OutDir="A:\g\Chopsticks2\Native\Benchmarks\bin\Release\net9.0\3e4183f9-b22b-417f-a162-abd404c4c68c\bin\Release\net9.0/" /p:OutputPath="A:\g\Chopsticks2\Native\Benchmarks\bin\Release\net9.0\3e4183f9-b22b-417f-a162-abd404c4c68c\bin\Release\net9.0/" in A:\g\Chopsticks2\Native\Benchmarks\bin\Release\net9.0\3e4183f9-b22b-417f-a162-abd404c4c68c
// command took 0.72 sec and exited with 0
// start dotnet  build -c Release --no-restore /p:UseSharedCompilation=false /p:BuildInParallel=false /m:1 /p:Deterministic=true /p:Optimize=true /p:IntermediateOutputPath="A:\g\Chopsticks2\Native\Benchmarks\bin\Release\net9.0\3e4183f9-b22b-417f-a162-abd404c4c68c\obj\Release\net9.0/" /p:OutDir="A:\g\Chopsticks2\Native\Benchmarks\bin\Release\net9.0\3e4183f9-b22b-417f-a162-abd404c4c68c\bin\Release\net9.0/" /p:OutputPath="A:\g\Chopsticks2\Native\Benchmarks\bin\Release\net9.0\3e4183f9-b22b-417f-a162-abd404c4c68c\bin\Release\net9.0/" --output "A:\g\Chopsticks2\Native\Benchmarks\bin\Release\net9.0\3e4183f9-b22b-417f-a162-abd404c4c68c\bin\Release\net9.0/" in A:\g\Chopsticks2\Native\Benchmarks\bin\Release\net9.0\3e4183f9-b22b-417f-a162-abd404c4c68c
// command took 4.08 sec and exited with 0
// ***** Done, took 00:00:04 (4.84 sec)   *****
// Found 3 benchmarks:
//   MessageDispatchBenchmarks.Dispatch_1Handler_Sync: Job-DOYGLE(IterationCount=5, WarmupCount=2)
//   MessageDispatchBenchmarks.Dispatch_5Handlers_Sync: Job-DOYGLE(IterationCount=5, WarmupCount=2)
//   MessageDispatchBenchmarks.Dispatch_1000x_Throughput: Job-DOYGLE(IterationCount=5, WarmupCount=2)

Setup power plan (GUID: 8c5e7fda-e8bf-4a96-9a85-a6e23a8c635c FriendlyName: High performance)
// **************************
// Benchmark: MessageDispatchBenchmarks.Dispatch_1Handler_Sync: Job-DOYGLE(IterationCount=5, WarmupCount=2)
// *** Execute ***
// Launch: 1 / 1
// Execute: dotnet 3e4183f9-b22b-417f-a162-abd404c4c68c.dll --anonymousPipes 1276 1272 --benchmarkName Chopsticks.Benchmarks.MessageDispatchBenchmarks.Dispatch_SingleHandler --job "IterationCount=5, WarmupCount=2" --benchmarkId 0 in A:\g\Chopsticks2\Native\Benchmarks\bin\Release\net9.0\3e4183f9-b22b-417f-a162-abd404c4c68c\bin\Release\net9.0
// BeforeAnythingElse

// Benchmark Process Environment Information:
// BenchmarkDotNet v0.14.0
// Runtime=.NET 9.0.16 (9.0.1626.22923), X64 RyuJIT AVX2
// GC=Concurrent Workstation
// HardwareIntrinsics=AVX2,AES,BMI1,BMI2,FMA,LZCNT,PCLMUL,POPCNT,AvxVnni,SERIALIZE VectorSize=256
// Job: Job-ZEVSGS(IterationCount=5, WarmupCount=2)

OverheadJitting  1: 1 op, 153300.00 ns, 153.3000 us/op
WorkloadJitting  1: 1 op, 2160600.00 ns, 2.1606 ms/op

OverheadJitting  2: 16 op, 125500.00 ns, 7.8438 us/op
WorkloadJitting  2: 16 op, 162800.00 ns, 10.1750 us/op

WorkloadPilot    1: 16 op, 5800.00 ns, 362.5000 ns/op
WorkloadPilot    2: 32 op, 11000.00 ns, 343.7500 ns/op
WorkloadPilot    3: 64 op, 18800.00 ns, 293.7500 ns/op
WorkloadPilot    4: 128 op, 30200.00 ns, 235.9375 ns/op
WorkloadPilot    5: 256 op, 62100.00 ns, 242.5781 ns/op
WorkloadPilot    6: 512 op, 101000.00 ns, 197.2656 ns/op
WorkloadPilot    7: 1024 op, 204100.00 ns, 199.3164 ns/op
WorkloadPilot    8: 2048 op, 372400.00 ns, 181.8359 ns/op
WorkloadPilot    9: 4096 op, 718700.00 ns, 175.4639 ns/op
WorkloadPilot   10: 8192 op, 1437600.00 ns, 175.4883 ns/op
WorkloadPilot   11: 16384 op, 2805500.00 ns, 171.2341 ns/op
WorkloadPilot   12: 32768 op, 5148500.00 ns, 157.1198 ns/op
WorkloadPilot   13: 65536 op, 11088800.00 ns, 169.2017 ns/op
WorkloadPilot   14: 131072 op, 13089500.00 ns, 99.8650 ns/op
WorkloadPilot   15: 262144 op, 26058000.00 ns, 99.4034 ns/op
WorkloadPilot   16: 524288 op, 52223800.00 ns, 99.6090 ns/op
WorkloadPilot   17: 1048576 op, 64781000.00 ns, 61.7800 ns/op
WorkloadPilot   18: 2097152 op, 106435600.00 ns, 50.7524 ns/op
WorkloadPilot   19: 4194304 op, 188678900.00 ns, 44.9846 ns/op
WorkloadPilot   20: 8388608 op, 372074700.00 ns, 44.3548 ns/op
WorkloadPilot   21: 16777216 op, 757985700.00 ns, 45.1795 ns/op

OverheadWarmup   1: 16777216 op, 22763100.00 ns, 1.3568 ns/op
OverheadWarmup   2: 16777216 op, 22336400.00 ns, 1.3314 ns/op
OverheadWarmup   3: 16777216 op, 22839800.00 ns, 1.3614 ns/op
OverheadWarmup   4: 16777216 op, 22571500.00 ns, 1.3454 ns/op
OverheadWarmup   5: 16777216 op, 22488000.00 ns, 1.3404 ns/op
OverheadWarmup   6: 16777216 op, 22476800.00 ns, 1.3397 ns/op
OverheadWarmup   7: 16777216 op, 22414200.00 ns, 1.3360 ns/op
OverheadWarmup   8: 16777216 op, 22611500.00 ns, 1.3478 ns/op
OverheadWarmup   9: 16777216 op, 22492600.00 ns, 1.3407 ns/op

OverheadActual   1: 16777216 op, 22441900.00 ns, 1.3376 ns/op
OverheadActual   2: 16777216 op, 22700400.00 ns, 1.3530 ns/op
OverheadActual   3: 16777216 op, 22456500.00 ns, 1.3385 ns/op
OverheadActual   4: 16777216 op, 22544800.00 ns, 1.3438 ns/op
OverheadActual   5: 16777216 op, 22454900.00 ns, 1.3384 ns/op
OverheadActual   6: 16777216 op, 22581300.00 ns, 1.3460 ns/op
OverheadActual   7: 16777216 op, 22276700.00 ns, 1.3278 ns/op
OverheadActual   8: 16777216 op, 22490400.00 ns, 1.3405 ns/op
OverheadActual   9: 16777216 op, 22415400.00 ns, 1.3361 ns/op
OverheadActual  10: 16777216 op, 21630200.00 ns, 1.2893 ns/op
OverheadActual  11: 16777216 op, 14955000.00 ns, 0.8914 ns/op
OverheadActual  12: 16777216 op, 14052700.00 ns, 0.8376 ns/op
OverheadActual  13: 16777216 op, 13663500.00 ns, 0.8144 ns/op
OverheadActual  14: 16777216 op, 14138500.00 ns, 0.8427 ns/op
OverheadActual  15: 16777216 op, 14682300.00 ns, 0.8751 ns/op
OverheadActual  16: 16777216 op, 14946300.00 ns, 0.8909 ns/op
OverheadActual  17: 16777216 op, 15132800.00 ns, 0.9020 ns/op
OverheadActual  18: 16777216 op, 13282900.00 ns, 0.7917 ns/op
OverheadActual  19: 16777216 op, 14960400.00 ns, 0.8917 ns/op
OverheadActual  20: 16777216 op, 14174100.00 ns, 0.8448 ns/op

WorkloadWarmup   1: 16777216 op, 748975700.00 ns, 44.6424 ns/op
WorkloadWarmup   2: 16777216 op, 753857000.00 ns, 44.9334 ns/op

// BeforeActualRun
WorkloadActual   1: 16777216 op, 742307800.00 ns, 44.2450 ns/op
WorkloadActual   2: 16777216 op, 748464500.00 ns, 44.6120 ns/op
WorkloadActual   3: 16777216 op, 765714100.00 ns, 45.6401 ns/op
WorkloadActual   4: 16777216 op, 757831700.00 ns, 45.1703 ns/op
WorkloadActual   5: 16777216 op, 758138800.00 ns, 45.1886 ns/op

// AfterActualRun
WorkloadResult   1: 16777216 op, 723926300.00 ns, 43.1494 ns/op
WorkloadResult   2: 16777216 op, 730083000.00 ns, 43.5163 ns/op
WorkloadResult   3: 16777216 op, 747332600.00 ns, 44.5445 ns/op
WorkloadResult   4: 16777216 op, 739450200.00 ns, 44.0747 ns/op
WorkloadResult   5: 16777216 op, 739757300.00 ns, 44.0930 ns/op
// GC:  242 0 0 4563403152 16777216
// Threading:  0 0 16777216

// AfterAll
// Benchmark Process 72492 has exited with code 0.

Mean = 43.876 ns, StdErr = 0.244 ns (0.56%), N = 5, StdDev = 0.546 ns
Min = 43.149 ns, Q1 = 43.516 ns, Median = 44.075 ns, Q3 = 44.093 ns, Max = 44.544 ns
IQR = 0.577 ns, LowerFence = 42.651 ns, UpperFence = 44.958 ns
ConfidenceInterval = [41.775 ns; 45.977 ns] (CI 99.9%), Margin = 2.101 ns (4.79% of Mean)
Skewness = -0.14, Kurtosis = 1.13, MValue = 2

// ** Remained 2 (66.7%) benchmark(s) to run. Estimated finish 2026-05-19 11:03 (0h 0m from now) **
Setup power plan (GUID: 8c5e7fda-e8bf-4a96-9a85-a6e23a8c635c FriendlyName: High performance)
// **************************
// Benchmark: MessageDispatchBenchmarks.Dispatch_5Handlers_Sync: Job-DOYGLE(IterationCount=5, WarmupCount=2)
// *** Execute ***
// Launch: 1 / 1
// Execute: dotnet 3e4183f9-b22b-417f-a162-abd404c4c68c.dll --anonymousPipes 1304 1300 --benchmarkName Chopsticks.Benchmarks.MessageDispatchBenchmarks.Dispatch_FiveHandlers --job "IterationCount=5, WarmupCount=2" --benchmarkId 1 in A:\g\Chopsticks2\Native\Benchmarks\bin\Release\net9.0\3e4183f9-b22b-417f-a162-abd404c4c68c\bin\Release\net9.0
// BeforeAnythingElse

// Benchmark Process Environment Information:
// BenchmarkDotNet v0.14.0
// Runtime=.NET 9.0.16 (9.0.1626.22923), X64 RyuJIT AVX2
// GC=Concurrent Workstation
// HardwareIntrinsics=AVX2,AES,BMI1,BMI2,FMA,LZCNT,PCLMUL,POPCNT,AvxVnni,SERIALIZE VectorSize=256
// Job: Job-ZITJNB(IterationCount=5, WarmupCount=2)

OverheadJitting  1: 1 op, 146900.00 ns, 146.9000 us/op
WorkloadJitting  1: 1 op, 2213300.00 ns, 2.2133 ms/op

OverheadJitting  2: 16 op, 145400.00 ns, 9.0875 us/op
WorkloadJitting  2: 16 op, 165500.00 ns, 10.3438 us/op

WorkloadPilot    1: 16 op, 8500.00 ns, 531.2500 ns/op
WorkloadPilot    2: 32 op, 15700.00 ns, 490.6250 ns/op
WorkloadPilot    3: 64 op, 26000.00 ns, 406.2500 ns/op
WorkloadPilot    4: 128 op, 45900.00 ns, 358.5938 ns/op
WorkloadPilot    5: 256 op, 95900.00 ns, 374.6094 ns/op
WorkloadPilot    6: 512 op, 185100.00 ns, 361.5234 ns/op
WorkloadPilot    7: 1024 op, 336000.00 ns, 328.1250 ns/op
WorkloadPilot    8: 2048 op, 599700.00 ns, 292.8223 ns/op
WorkloadPilot    9: 4096 op, 1144700.00 ns, 279.4678 ns/op
WorkloadPilot   10: 8192 op, 2229200.00 ns, 272.1191 ns/op
WorkloadPilot   11: 16384 op, 4860500.00 ns, 296.6614 ns/op
WorkloadPilot   12: 32768 op, 9135900.00 ns, 278.8055 ns/op
WorkloadPilot   13: 65536 op, 17919100.00 ns, 273.4238 ns/op
WorkloadPilot   14: 131072 op, 27736400.00 ns, 211.6119 ns/op
WorkloadPilot   15: 262144 op, 56592500.00 ns, 215.8833 ns/op
WorkloadPilot   16: 524288 op, 110114500.00 ns, 210.0267 ns/op
WorkloadPilot   17: 1048576 op, 86986100.00 ns, 82.9564 ns/op
WorkloadPilot   18: 2097152 op, 161944700.00 ns, 77.2213 ns/op
WorkloadPilot   19: 4194304 op, 306799200.00 ns, 73.1466 ns/op
WorkloadPilot   20: 8388608 op, 610378500.00 ns, 72.7628 ns/op

OverheadWarmup   1: 8388608 op, 11221900.00 ns, 1.3378 ns/op
OverheadWarmup   2: 8388608 op, 11304700.00 ns, 1.3476 ns/op
OverheadWarmup   3: 8388608 op, 11145100.00 ns, 1.3286 ns/op
OverheadWarmup   4: 8388608 op, 11328400.00 ns, 1.3505 ns/op
OverheadWarmup   5: 8388608 op, 11273700.00 ns, 1.3439 ns/op

OverheadActual   1: 8388608 op, 11433900.00 ns, 1.3630 ns/op
OverheadActual   2: 8388608 op, 11187700.00 ns, 1.3337 ns/op
OverheadActual   3: 8388608 op, 11106300.00 ns, 1.3240 ns/op
OverheadActual   4: 8388608 op, 11242000.00 ns, 1.3402 ns/op
OverheadActual   5: 8388608 op, 11202600.00 ns, 1.3355 ns/op
OverheadActual   6: 8388608 op, 11293200.00 ns, 1.3463 ns/op
OverheadActual   7: 8388608 op, 11195700.00 ns, 1.3346 ns/op
OverheadActual   8: 8388608 op, 11164300.00 ns, 1.3309 ns/op
OverheadActual   9: 8388608 op, 11159200.00 ns, 1.3303 ns/op
OverheadActual  10: 8388608 op, 11276800.00 ns, 1.3443 ns/op
OverheadActual  11: 8388608 op, 11146300.00 ns, 1.3287 ns/op
OverheadActual  12: 8388608 op, 11151900.00 ns, 1.3294 ns/op
OverheadActual  13: 8388608 op, 11326500.00 ns, 1.3502 ns/op
OverheadActual  14: 8388608 op, 10484600.00 ns, 1.2499 ns/op
OverheadActual  15: 8388608 op, 6607500.00 ns, 0.7877 ns/op
OverheadActual  16: 8388608 op, 7044800.00 ns, 0.8398 ns/op
OverheadActual  17: 8388608 op, 7398700.00 ns, 0.8820 ns/op
OverheadActual  18: 8388608 op, 7244900.00 ns, 0.8637 ns/op
OverheadActual  19: 8388608 op, 7251100.00 ns, 0.8644 ns/op
OverheadActual  20: 8388608 op, 7538200.00 ns, 0.8986 ns/op

WorkloadWarmup   1: 8388608 op, 619137000.00 ns, 73.8069 ns/op
WorkloadWarmup   2: 8388608 op, 620326600.00 ns, 73.9487 ns/op

// BeforeActualRun
WorkloadActual   1: 8388608 op, 610525500.00 ns, 72.7803 ns/op
WorkloadActual   2: 8388608 op, 625256100.00 ns, 74.5363 ns/op
WorkloadActual   3: 8388608 op, 626043400.00 ns, 74.6302 ns/op
WorkloadActual   4: 8388608 op, 624393500.00 ns, 74.4335 ns/op
WorkloadActual   5: 8388608 op, 612493900.00 ns, 73.0150 ns/op

// AfterActualRun
WorkloadResult   1: 8388608 op, 599369950.00 ns, 71.4505 ns/op
WorkloadResult   2: 8388608 op, 614100550.00 ns, 73.2065 ns/op
WorkloadResult   3: 8388608 op, 614887850.00 ns, 73.3003 ns/op
WorkloadResult   4: 8388608 op, 613237950.00 ns, 73.1037 ns/op
WorkloadResult   5: 8388608 op, 601338350.00 ns, 71.6851 ns/op
// GC:  121 0 0 2281701776 8388608
// Threading:  0 0 8388608

// AfterAll
// Benchmark Process 75152 has exited with code 0.

Mean = 72.549 ns, StdErr = 0.404 ns (0.56%), N = 5, StdDev = 0.902 ns
Min = 71.450 ns, Q1 = 71.685 ns, Median = 73.104 ns, Q3 = 73.206 ns, Max = 73.300 ns
IQR = 1.521 ns, LowerFence = 69.403 ns, UpperFence = 75.489 ns
ConfidenceInterval = [69.074 ns; 76.024 ns] (CI 99.9%), Margin = 3.475 ns (4.79% of Mean)
Skewness = -0.3, Kurtosis = 0.79, MValue = 2

// ** Remained 1 (33.3%) benchmark(s) to run. Estimated finish 2026-05-19 11:03 (0h 0m from now) **
Setup power plan (GUID: 8c5e7fda-e8bf-4a96-9a85-a6e23a8c635c FriendlyName: High performance)
// **************************
// Benchmark: MessageDispatchBenchmarks.Dispatch_1000x_Throughput: Job-DOYGLE(IterationCount=5, WarmupCount=2)
// *** Execute ***
// Launch: 1 / 1
// Execute: dotnet 3e4183f9-b22b-417f-a162-abd404c4c68c.dll --anonymousPipes 1188 1192 --benchmarkName Chopsticks.Benchmarks.MessageDispatchBenchmarks.Dispatch_Throughput --job "IterationCount=5, WarmupCount=2" --benchmarkId 2 in A:\g\Chopsticks2\Native\Benchmarks\bin\Release\net9.0\3e4183f9-b22b-417f-a162-abd404c4c68c\bin\Release\net9.0
// BeforeAnythingElse

// Benchmark Process Environment Information:
// BenchmarkDotNet v0.14.0
// Runtime=.NET 9.0.16 (9.0.1626.22923), X64 RyuJIT AVX2
// GC=Concurrent Workstation
// HardwareIntrinsics=AVX2,AES,BMI1,BMI2,FMA,LZCNT,PCLMUL,POPCNT,AvxVnni,SERIALIZE VectorSize=256
// Job: Job-IPRILM(IterationCount=5, WarmupCount=2)

OverheadJitting  1: 1 op, 158400.00 ns, 158.4000 us/op
WorkloadJitting  1: 1 op, 2870300.00 ns, 2.8703 ms/op

OverheadJitting  2: 16 op, 217100.00 ns, 13.5688 us/op
WorkloadJitting  2: 16 op, 4172300.00 ns, 260.7688 us/op

WorkloadPilot    1: 16 op, 3085100.00 ns, 192.8188 us/op
WorkloadPilot    2: 32 op, 4860300.00 ns, 151.8844 us/op
WorkloadPilot    3: 64 op, 10928300.00 ns, 170.7547 us/op
WorkloadPilot    4: 128 op, 14630300.00 ns, 114.2992 us/op
WorkloadPilot    5: 256 op, 30544100.00 ns, 119.3129 us/op
WorkloadPilot    6: 512 op, 55688200.00 ns, 108.7660 us/op
WorkloadPilot    7: 1024 op, 50070300.00 ns, 48.8968 us/op
WorkloadPilot    8: 2048 op, 76413600.00 ns, 37.3113 us/op
WorkloadPilot    9: 4096 op, 158564200.00 ns, 38.7120 us/op
WorkloadPilot   10: 8192 op, 322836100.00 ns, 39.4087 us/op
WorkloadPilot   11: 16384 op, 611709500.00 ns, 37.3358 us/op

OverheadWarmup   1: 16384 op, 23500.00 ns, 1.4343 ns/op
OverheadWarmup   2: 16384 op, 22300.00 ns, 1.3611 ns/op
OverheadWarmup   3: 16384 op, 22300.00 ns, 1.3611 ns/op
OverheadWarmup   4: 16384 op, 22200.00 ns, 1.3550 ns/op
OverheadWarmup   5: 16384 op, 19900.00 ns, 1.2146 ns/op
OverheadWarmup   6: 16384 op, 23800.00 ns, 1.4526 ns/op
OverheadWarmup   7: 16384 op, 22300.00 ns, 1.3611 ns/op

OverheadActual   1: 16384 op, 23800.00 ns, 1.4526 ns/op
OverheadActual   2: 16384 op, 22800.00 ns, 1.3916 ns/op
OverheadActual   3: 16384 op, 22600.00 ns, 1.3794 ns/op
OverheadActual   4: 16384 op, 29100.00 ns, 1.7761 ns/op
OverheadActual   5: 16384 op, 24000.00 ns, 1.4648 ns/op
OverheadActual   6: 16384 op, 24000.00 ns, 1.4648 ns/op
OverheadActual   7: 16384 op, 22500.00 ns, 1.3733 ns/op
OverheadActual   8: 16384 op, 22300.00 ns, 1.3611 ns/op
OverheadActual   9: 16384 op, 23200.00 ns, 1.4160 ns/op
OverheadActual  10: 16384 op, 22900.00 ns, 1.3977 ns/op
OverheadActual  11: 16384 op, 23700.00 ns, 1.4465 ns/op
OverheadActual  12: 16384 op, 22200.00 ns, 1.3550 ns/op
OverheadActual  13: 16384 op, 22400.00 ns, 1.3672 ns/op
OverheadActual  14: 16384 op, 22800.00 ns, 1.3916 ns/op
OverheadActual  15: 16384 op, 22800.00 ns, 1.3916 ns/op

WorkloadWarmup   1: 16384 op, 634239000.00 ns, 38.7109 us/op
WorkloadWarmup   2: 16384 op, 627487000.00 ns, 38.2988 us/op

// BeforeActualRun
WorkloadActual   1: 16384 op, 611270200.00 ns, 37.3090 us/op
WorkloadActual   2: 16384 op, 613447100.00 ns, 37.4418 us/op
WorkloadActual   3: 16384 op, 612893000.00 ns, 37.4080 us/op
WorkloadActual   4: 16384 op, 611819000.00 ns, 37.3425 us/op
WorkloadActual   5: 16384 op, 615692800.00 ns, 37.5789 us/op

// AfterActualRun
WorkloadResult   1: 16384 op, 611247400.00 ns, 37.3076 us/op
WorkloadResult   2: 16384 op, 613424300.00 ns, 37.4404 us/op
WorkloadResult   3: 16384 op, 612870200.00 ns, 37.4066 us/op
WorkloadResult   4: 16384 op, 611796200.00 ns, 37.3411 us/op
WorkloadResult   5: 16384 op, 615670000.00 ns, 37.5775 us/op
// GC:  236 0 0 4456448112 16384
// Threading:  0 0 16384

// AfterAll
// Benchmark Process 69108 has exited with code 0.

Mean = 37.415 μs, StdErr = 0.047 μs (0.13%), N = 5, StdDev = 0.105 μs
Min = 37.308 μs, Q1 = 37.341 μs, Median = 37.407 μs, Q3 = 37.440 μs, Max = 37.578 μs
IQR = 0.099 μs, LowerFence = 37.192 μs, UpperFence = 37.590 μs
ConfidenceInterval = [37.010 μs; 37.819 μs] (CI 99.9%), Margin = 0.404 μs (1.08% of Mean)
Skewness = 0.47, Kurtosis = 1.42, MValue = 2

// ** Remained 0 (0.0%) benchmark(s) to run. Estimated finish 2026-05-19 11:03 (0h 0m from now) **
Successfully reverted power plan (GUID: 381b4222-f694-41f0-9685-ff5bb260df2e FriendlyName: Balanced)
// ***** BenchmarkRunner: Finish  *****

// * Export *
  BenchmarkDotNet.Artifacts\results\Chopsticks.Benchmarks.MessageDispatchBenchmarks-report.csv
  BenchmarkDotNet.Artifacts\results\Chopsticks.Benchmarks.MessageDispatchBenchmarks-report-github.md
  BenchmarkDotNet.Artifacts\results\Chopsticks.Benchmarks.MessageDispatchBenchmarks-report.html

// * Detailed results *
MessageDispatchBenchmarks.Dispatch_1Handler_Sync: Job-DOYGLE(IterationCount=5, WarmupCount=2)
Runtime = .NET 9.0.16 (9.0.1626.22923), X64 RyuJIT AVX2; GC = Concurrent Workstation
Mean = 43.876 ns, StdErr = 0.244 ns (0.56%), N = 5, StdDev = 0.546 ns
Min = 43.149 ns, Q1 = 43.516 ns, Median = 44.075 ns, Q3 = 44.093 ns, Max = 44.544 ns
IQR = 0.577 ns, LowerFence = 42.651 ns, UpperFence = 44.958 ns
ConfidenceInterval = [41.775 ns; 45.977 ns] (CI 99.9%), Margin = 2.101 ns (4.79% of Mean)
Skewness = -0.14, Kurtosis = 1.13, MValue = 2
-------------------- Histogram --------------------
[42.900 ns ; 44.753 ns) | @@@@@
---------------------------------------------------

MessageDispatchBenchmarks.Dispatch_5Handlers_Sync: Job-DOYGLE(IterationCount=5, WarmupCount=2)
Runtime = .NET 9.0.16 (9.0.1626.22923), X64 RyuJIT AVX2; GC = Concurrent Workstation
Mean = 72.549 ns, StdErr = 0.404 ns (0.56%), N = 5, StdDev = 0.902 ns
Min = 71.450 ns, Q1 = 71.685 ns, Median = 73.104 ns, Q3 = 73.206 ns, Max = 73.300 ns
IQR = 1.521 ns, LowerFence = 69.403 ns, UpperFence = 75.489 ns
ConfidenceInterval = [69.074 ns; 76.024 ns] (CI 99.9%), Margin = 3.475 ns (4.79% of Mean)
Skewness = -0.3, Kurtosis = 0.79, MValue = 2
-------------------- Histogram --------------------
[70.758 ns ; 72.283 ns) | @@
[72.283 ns ; 73.993 ns) | @@@
---------------------------------------------------

MessageDispatchBenchmarks.Dispatch_1000x_Throughput: Job-DOYGLE(IterationCount=5, WarmupCount=2)
Runtime = .NET 9.0.16 (9.0.1626.22923), X64 RyuJIT AVX2; GC = Concurrent Workstation
Mean = 37.415 μs, StdErr = 0.047 μs (0.13%), N = 5, StdDev = 0.105 μs
Min = 37.308 μs, Q1 = 37.341 μs, Median = 37.407 μs, Q3 = 37.440 μs, Max = 37.578 μs
IQR = 0.099 μs, LowerFence = 37.192 μs, UpperFence = 37.590 μs
ConfidenceInterval = [37.010 μs; 37.819 μs] (CI 99.9%), Margin = 0.404 μs (1.08% of Mean)
Skewness = 0.47, Kurtosis = 1.42, MValue = 2
-------------------- Histogram --------------------
[37.227 μs ; 37.658 μs) | @@@@@
---------------------------------------------------

// * Summary *

BenchmarkDotNet v0.14.0, Windows 11 (10.0.26200.8457)
Unknown processor
.NET SDK 9.0.314
  [Host]     : .NET 9.0.16 (9.0.1626.22923), X64 RyuJIT AVX2
  Job-DOYGLE : .NET 9.0.16 (9.0.1626.22923), X64 RyuJIT AVX2

IterationCount=5  WarmupCount=2  

| Method                    | Mean         | Error      | StdDev     | Gen0    | Allocated |
|-------------------------- |-------------:|-----------:|-----------:|--------:|----------:|
| Dispatch_1Handler_Sync    |     43.88 ns |   2.101 ns |   0.546 ns |  0.0144 |     272 B |
| Dispatch_5Handlers_Sync   |     72.55 ns |   3.475 ns |   0.902 ns |  0.0144 |     272 B |
| Dispatch_1000x_Throughput | 37,414.65 ns | 404.463 ns | 105.038 ns | 14.4043 |  272000 B |

// * Legends *
  Mean      : Arithmetic mean of all measurements
  Error     : Half of 99.9% confidence interval
  StdDev    : Standard deviation of all measurements
  Gen0      : GC Generation 0 collects per 1000 operations
  Allocated : Allocated memory per single operation (managed only, inclusive, 1KB = 1024B)
  1 ns      : 1 Nanosecond (0.000000001 sec)

// * Diagnostic Output - MemoryDiagnoser *


// ***** BenchmarkRunner: End *****
Run time: 00:00:22 (22.15 sec), executed benchmarks: 3

Global total time: 00:00:27 (27.14 sec), executed benchmarks: 3
// * Artifacts cleanup *
Artifacts cleanup is finished
